ASxxxx Linker V03.00 + NoICE + sdld,  page 1.
Hexadecimal  [32-Bits]

Area                                    Addr        Size        Decimal Bytes (Attributes)
--------------------------------        ----        ----        ------- ----- ------------
.  .ABS.                            00000000    00000000 =           0. bytes (ABS,CON)

      Value  Global                              Global Defined In Module
      -----  --------------------------------   ------------------------
     00000000  .__.ABS.                           
     00000000  _rRAMG                             
     00000000  l__BASE                         
     00000000  l__BSS                          
     00000000  l__CABS                         
     00000000  l__CODE_0                       
     00000000  l__CRASH_HEADER                 
     00000000  l__CRASH_SCRATCH                
     00000000  l__DABS                         
     00000000  l__HEADER                       
     00000000  l__HEADER_LCD                   
     00000000  l__HEADER_SIO                   
     00000000  l__HEADER_TIMER                 
     00000000  l__HEAP                         
     00000000  l__HRAM                         
     00000000  l__LIT                          
     00000000  s__CABS                         
     00000000  s__CRASH_HEADER                 
     00000000  s__CRASH_HEADER0                
     00000000  s__CRASH_HEADER1                
     00000000  s__CRASH_SCRATCH                
     00000000  s__CRASH_SCRATCH2               
     00000000  s__DABS                         
     00000000  s__HEADER                       
     00000000  s__HEADER0                      
     00000000  s__HEADER1                      
     00000000  s__HEADER10                     
     00000000  s__HEADER11                     
     00000000  s__HEADER2                      
     00000000  s__HEADER3                      
     00000000  s__HEADER4                      
     00000000  s__HEADER5                      
     00000000  s__HEADER6                      
     00000000  s__HEADER7                      
     00000000  s__HEADER8                      
     00000000  s__HEADER9                      
     00000000  s__HEADER_LCD                   
     00000000  s__HEADER_LCD0                  
     00000000  s__HEADER_SIO                   
     00000000  s__HEADER_SIO0                  
     00000000  s__HEADER_TIMER                 
     00000000  s__HEADER_TIMER0                
     00000000  s__HEADERa                      
     00000000  s__HEADERb                      
     00000000  s__HEADERc                      
     00000000  s__HEADERd                      
     00000000  s__HEADERe                      
     00000000  s__HEADERf                      
     00000000  s__HRAM                         
     00000000  s__HRAM12                       
ASxxxx Linker V03.00 + NoICE + sdld,  page 2.
Hexadecimal  [32-Bits]

Area                                    Addr        Size        Decimal Bytes (Attributes)
--------------------------------        ----        ----        ------- ----- ------------
.  .ABS.                            00000000    00000000 =           0. bytes (ABS,CON)

      Value  Global                              Global Defined In Module
      -----  --------------------------------   ------------------------
     00000001  b_activate_actor                   actor
     00000001  b_activate_actors_in_col           actor
     00000001  b_activate_actors_in_row           actor
     00000001  b_actor_at_tile                    actor
     00000001  b_actor_get_frame_offset           actor
     00000001  b_actor_in_front_of_player         actor
     00000001  b_actor_overlapping_bb             actor
     00000001  b_actor_overlapping_player         actor
     00000001  b_actor_set_anim_idle              actor
     00000001  b_actor_set_anim_moving            actor
     00000001  b_actor_set_dir                    actor
     00000001  b_actor_set_frame_offset           actor
     00000001  b_actor_set_frames                 actor
     00000001  b_actors_handle_player_collision   actor
     00000001  b_actors_init                      actor
     00000001  b_camera_init                      camera
     00000001  b_camera_reset                     camera
     00000001  b_check_collision_in_direction     actor
     00000001  b_deactivate_actor                 actor
     00000001  b_parallax_init                    parallax
     00000001  b_player_init                      actor
     00000001  b_remove_LCD_ISRs                  interrupts
     00000001  b_scroll_init                      scroll
     00000001  b_scroll_repaint                   scroll
     00000001  b_scroll_reset                     scroll
     00000001  b_scroll_update                    scroll
     00000001  b_ui_draw_frame                    ui
     00000001  b_ui_draw_text_buffer_char         ui
     00000001  b_ui_init                          ui
     00000001  b_ui_load_tiles                    ui
     00000001  b_ui_run_menu                      ui
     00000001  b_ui_run_modal                     ui
     00000001  l__GSFINAL                      
     00000001  l__HEADER0                      
     00000001  l__HEADER11                     
     00000001  l__HEADER9                      
     00000001  l__HEADERa                      
     00000001  l__HEADERb                      
     00000001  l__HEADERd                      
     00000001  l__HEADERe                      
     00000002  b_camera_shake_frames              vm_camera
     00000002  b_itoa_fmt                         vm_ui_a
     00000002  b_script_execute                   vm
     00000002  b_script_runner_init               vm
     00000002  b_script_terminate                 vm
     00000002  b_scroll_rect                      
     00000002  b_vm_actor_activate                vm_actor
     00000002  b_vm_actor_deactivate              vm_actor
     00000002  b_vm_actor_emote                   vm_actor
     00000002  b_vm_actor_get_angle               vm_actor
     00000002  b_vm_actor_get_anim_frame          vm_actor
ASxxxx Linker V03.00 + NoICE + sdld,  page 3.
Hexadecimal  [32-Bits]

Area                                    Addr        Size        Decimal Bytes (Attributes)
--------------------------------        ----        ----        ------- ----- ------------
.  .ABS.                            00000000    00000000 =           0. bytes (ABS,CON)

      Value  Global                              Global Defined In Module
      -----  --------------------------------   ------------------------
     00000002  b_vm_actor_get_dir                 vm_actor
     00000002  b_vm_actor_get_pos                 vm_actor
     00000002  b_vm_actor_move_to                 vm_actor
     00000002  b_vm_actor_replace_tile            vm_actor
     00000002  b_vm_actor_set_anim                vm_actor
     00000002  b_vm_actor_set_anim_frame          vm_actor
     00000002  b_vm_actor_set_anim_set            vm_actor
     00000002  b_vm_actor_set_anim_tick           vm_actor
     00000002  b_vm_actor_set_bounds              vm_actor
     00000002  b_vm_actor_set_coll_enabled        vm_actor
     00000002  b_vm_actor_set_dir                 vm_actor
     00000002  b_vm_actor_set_hidden              vm_actor
     00000002  b_vm_actor_set_move_speed          vm_actor
     00000002  b_vm_actor_set_pos                 vm_actor
     00000002  b_vm_actor_set_spritesheet         vm_actor
     00000002  b_vm_actor_set_spritesheet_by_re   vm_actor
     00000002  b_vm_actor_terminate_update        vm_actor
     00000002  b_vm_call                          vm
     00000002  b_vm_call_far                      vm
     00000002  b_vm_call_rel                      vm
     00000002  b_vm_camera_move_to                vm_camera
     00000002  b_vm_camera_set_pos                vm_camera
     00000002  b_vm_choice                        vm_ui
     00000002  b_vm_context_prepare               vm_gameboy
     00000002  b_vm_cos_scale                     vm_math
     00000002  b_vm_display_text                  vm_ui
     00000002  b_vm_fade_in                       vm_gameboy
     00000002  b_vm_fade_out                      vm_gameboy
     00000002  b_vm_get_indirect                  vm
     00000002  b_vm_get_int16                     vm
     00000002  b_vm_get_int8                      vm
     00000002  b_vm_get_tile_xy                   vm_gameboy
     00000002  b_vm_get_tlocal                    vm
     00000002  b_vm_get_uint8                     vm
     00000002  b_vm_hide_sprites                  vm_gameboy
     00000002  b_vm_idle                          vm
     00000002  b_vm_if                            vm
     00000002  b_vm_if_const                      vm
     00000002  b_vm_input_attach                  vm_gameboy
     00000002  b_vm_input_detach                  vm_gameboy
     00000002  b_vm_input_get                     vm_gameboy
     00000002  b_vm_input_wait                    vm_gameboy
     00000002  b_vm_invoke                        vm
     00000002  b_vm_join                          vm
     00000002  b_vm_jump                          vm
     00000002  b_vm_jump_rel                      vm
     00000002  b_vm_load_cursor                   vm_ui
     00000002  b_vm_load_frame                    vm_ui
     00000002  b_vm_load_palette                  vm_palette
     00000002  b_vm_lock                          vm
     00000002  b_vm_loop                          vm
ASxxxx Linker V03.00 + NoICE + sdld,  page 4.
Hexadecimal  [32-Bits]

Area                                    Addr        Size        Decimal Bytes (Attributes)
--------------------------------        ----        ----        ------- ----- ------------
.  .ABS.                            00000000    00000000 =           0. bytes (ABS,CON)

      Value  Global                              Global Defined In Module
      -----  --------------------------------   ------------------------
     00000002  b_vm_loop_rel                      vm
     00000002  b_vm_memcpy                        vm
     00000002  b_vm_memset                        vm
     00000002  b_vm_music_mute                    vm_music
     00000002  b_vm_music_play                    vm_music
     00000002  b_vm_music_routine                 vm_music
     00000002  b_vm_music_setpos                  vm_music
     00000002  b_vm_music_stop                    vm_music
     00000002  b_vm_overlay_clear                 vm_ui
     00000002  b_vm_overlay_hide                  vm_ui
     00000002  b_vm_overlay_move_to               vm_ui
     00000002  b_vm_overlay_scroll                vm_ui
     00000002  b_vm_overlay_set_scroll            vm_ui
     00000002  b_vm_overlay_set_submap            vm_ui
     00000002  b_vm_overlay_setpos                vm_ui
     00000002  b_vm_overlay_show                  vm_ui
     00000002  b_vm_overlay_wait                  vm_ui
     00000002  b_vm_poll                          vm_gameboy
     00000002  b_vm_poll_loaded                   vm
     00000002  b_vm_pop                           vm
     00000002  b_vm_projectile_launch             vm_projectiles
     00000002  b_vm_push                          vm
     00000002  b_vm_push_reference                vm
     00000002  b_vm_push_value                    vm
     00000002  b_vm_push_value_ind                vm
     00000002  b_vm_raise                         vm
     00000002  b_vm_rand                          vm
     00000002  b_vm_randomize                     vm
     00000002  b_vm_replace_tile                  vm_gameboy
     00000002  b_vm_replace_tile_xy               vm_gameboy
     00000002  b_vm_reserve                       vm
     00000002  b_vm_ret                           vm
     00000002  b_vm_ret_far                       vm
     00000002  b_vm_rtc_get                       vm_rtc
     00000002  b_vm_rtc_latch                     vm_rtc
     00000002  b_vm_rtc_set                       vm_rtc
     00000002  b_vm_rtc_start                     vm_rtc
     00000002  b_vm_rumble                        vm_gameboy
     00000002  b_vm_save_clear                    vm_load_save
     00000002  b_vm_save_peek                     vm_load_save
     00000002  b_vm_scene_pop                     vm_scene
     00000002  b_vm_scene_pop_all                 vm_scene
     00000002  b_vm_scene_push                    vm_scene
     00000002  b_vm_scene_stack_reset             vm_scene
     00000002  b_vm_set                           vm
     00000002  b_vm_set_const                     vm
     00000002  b_vm_set_const_int16               vm
     00000002  b_vm_set_const_int8                vm
     00000002  b_vm_set_font                      vm_ui
     00000002  b_vm_set_indirect                  vm
     00000002  b_vm_set_int16                     vm
ASxxxx Linker V03.00 + NoICE + sdld,  page 5.
Hexadecimal  [32-Bits]

Area                                    Addr        Size        Decimal Bytes (Attributes)
--------------------------------        ----        ----        ------- ----- ------------
.  .ABS.                            00000000    00000000 =           0. bytes (ABS,CON)

      Value  Global                              Global Defined In Module
      -----  --------------------------------   ------------------------
     00000002  b_vm_set_int8                      vm
     00000002  b_vm_set_print_dir                 vm_ui
     00000002  b_vm_set_sprite_mode               vm_gameboy
     00000002  b_vm_set_uint8                     vm
     00000002  b_vm_show_sprites                  vm_gameboy
     00000002  b_vm_sin_scale                     vm_math
     00000002  b_vm_sio_exchange                  vm_sio
     00000002  b_vm_sio_set_mode                  vm_sio
     00000002  b_vm_sound_mastervol               vm_music
     00000002  b_vm_sound_play                    vm_music
     00000002  b_vm_switch_text_layer             vm_ui
     00000002  b_vm_systime                       vm
     00000002  b_vm_terminate                     vm
     00000002  b_vm_test_terminate                vm
     00000002  b_vm_timer_prepare                 vm_gameboy
     00000002  b_vm_timer_reset                   vm_gameboy
     00000002  b_vm_timer_set                     vm_gameboy
     00000002  b_vm_timer_stop                    vm_gameboy
     00000002  b_vm_unlock                        vm
     00000002  b_vm_wave_play                     vm_music
     00000002  b_wait_frames                      vm
     00000002  l__HEADER5                      
     00000002  l__HEADERc                      
     00000002  l__HEADERf                      
     00000003  b_adventure_init                   adventure
     00000003  b_adventure_update                 adventure
     00000003  b_logo_init                        logo
     00000003  b_logo_update                      logo
     00000003  b_platform_init                    platform
     00000003  b_platform_update                  platform
     00000003  b_pointnclick_init                 pointnclick
     00000003  b_pointnclick_update               pointnclick
     00000003  b_shmup_init                       shmup
     00000003  b_shmup_update                     shmup
     00000003  b_topdown_init                     topdown
     00000003  b_topdown_update                   topdown
     00000003  l__HEADER8                      
     00000003  l__HEADER_LCD0                  
     00000003  l__HRAM12                       
     00000004  b_SIO_init                         sio
     00000004  b_core_reset                       core
     00000004  b_core_run                         core
     00000004  b_data_clear                       load_save
     00000004  b_data_init                        load_save
     00000004  b_data_load                        load_save
     00000004  b_data_peek                        load_save
     00000004  b_data_save                        load_save
     00000004  b_do_load_palette                  data_manager
     00000004  b_events_init                      events
     00000004  b_fade_applypalettechange          fade_manager
     00000004  b_fade_in                          fade_manager
ASxxxx Linker V03.00 + NoICE + sdld,  page 6.
Hexadecimal  [32-Bits]

Area                                    Addr        Size        Decimal Bytes (Attributes)
--------------------------------        ----        ----        ------- ----- ------------
.  .ABS.                            00000000    00000000 =           0. bytes (ABS,CON)

      Value  Global                              Global Defined In Module
      -----  --------------------------------   ------------------------
     00000004  b_fade_in_modal                    fade_manager
     00000004  b_fade_init                        fade_manager
     00000004  b_fade_out                         fade_manager
     00000004  b_fade_out_modal                   fade_manager
     00000004  b_fade_setspeed                    fade_manager
     00000004  b_fade_update                      fade_manager
     00000004  b_input_init                       input
     00000004  b_load_background                  data_manager
     00000004  b_load_bkg_tileset                 data_manager
     00000004  b_load_bounds                      data_manager
     00000004  b_load_emote                       data_manager
     00000004  b_load_init                        data_manager
     00000004  b_load_player                      data_manager
     00000004  b_load_scene                       data_manager
     00000004  b_load_sprite                      data_manager
     00000004  b_music_events_poll                music_manager
     00000004  b_music_init                       music_manager
     00000004  b_music_stop                       music_manager
     00000004  b_palette_init                     palette
     00000004  b_projectile_launch                projectiles
     00000004  b_projectiles_init                 projectiles
     00000004  b_restore_sram                     flasher
     00000004  b_restore_sram_bank                flasher
     00000004  b_save_sram                        flasher
     00000004  b_set_sample                       sample_player
     00000004  b_set_sgb_border                   sgb_border
     00000004  b_sound_init                       music_manager
     00000004  b_sound_play                       music_manager
     00000004  b_timers_init                      events
     00000004  b_trigger_activate_at              trigger
     00000004  b_trigger_activate_at_intersecti   trigger
     00000004  b_trigger_at_intersection          trigger
     00000004  b_trigger_at_tile                  trigger
     00000004  b_trigger_interact                 trigger
     00000004  b_trigger_reset                    trigger
     00000004  b_wave_play                        music_manager
     00000004  l__CRASH_HEADER1                
     00000004  l__HEADER_SIO0                  
     00000004  l__HEADER_TIMER0                
     00000005  ___bank_font_1                     font_1
     00000005  ___bank_palette_0                  palette_0
     00000005  ___bank_scene_10_collisions        scene_10_collisions
     00000005  ___bank_scene_9_collisions         scene_9_collisions
     00000005  ___bank_spritesheet_2              spritesheet_2
     00000005  ___bank_tilemap_21                 tilemap_21
     00000005  l__CRASH_HEADER0                
     00000005  l__HEADER1                      
     00000006  ___bank_font_0                     font_0
     00000006  ___bank_scene_14_collisions        scene_14_collisions
     00000006  ___bank_scene_37_sprites           scene_37_sprites
     00000006  ___bank_scene_3_actors             scene_3_actors
ASxxxx Linker V03.00 + NoICE + sdld,  page 7.
Hexadecimal  [32-Bits]

Area                                    Addr        Size        Decimal Bytes (Attributes)
--------------------------------        ----        ----        ------- ----- ------------
.  .ABS.                            00000000    00000000 =           0. bytes (ABS,CON)

      Value  Global                              Global Defined In Module
      -----  --------------------------------   ------------------------
     00000006  ___bank_scene_3_collisions         scene_3_collisions
     00000006  ___bank_scene_8_collisions         scene_8_collisions
     00000006  ___bank_tilemap_26                 tilemap_26
     00000006  l__HEADER7                      
     00000007  ___bank_palette_1                  palette_1
     00000007  ___bank_scene_26_collisions        scene_26_collisions
     00000007  ___bank_scene_3_sprites            scene_3_sprites
     00000007  ___bank_tilemap_20                 tilemap_20
     00000007  ___bank_tilemap_38                 tilemap_38
     00000007  ___bank_tileset_0                  tileset_0
     00000007  ___bank_tileset_14                 tileset_14
     00000007  ___bank_tileset_2                  tileset_2
     00000007  ___bank_tileset_5                  tileset_5
     00000007  ___bank_tileset_9                  tileset_9
     00000007  l__HEADER2                      
     00000008  ___bank_scene_12_collisions        scene_12_collisions
     00000008  ___bank_scene_19_collisions        scene_19_collisions
     00000008  ___bank_scene_20_collisions        scene_20_collisions
     00000008  ___bank_scene_21_collisions        scene_21_collisions
     00000008  ___bank_script_input_2             script_input_2
     00000008  ___bank_tilemap_24                 tilemap_24
     00000008  ___bank_tilemap_32                 tilemap_32
     00000008  ___bank_tilemap_33                 tilemap_33
     00000008  ___bank_tileset_3                  tileset_3
     00000008  l__HEADER3                      
     00000009  ___bank_bootstrap_script           
     00000009  ___bank_scene_22_collisions        scene_22_collisions
     00000009  ___bank_scene_23_collisions        scene_23_collisions
     00000009  ___bank_scene_24_collisions        scene_24_collisions
     00000009  ___bank_scene_25_collisions        scene_25_collisions
     00000009  ___bank_scene_6_collisions         scene_6_collisions
     00000009  ___bank_script_s37_p_hit1          script_s37_p_hit1
     00000009  ___bank_script_s37a0_update        script_s37a0_update
     00000009  ___bank_tilemap_18                 tilemap_18
     00000009  ___bank_tilemap_31                 tilemap_31
     00000009  ___bank_tilemap_34                 tilemap_34
     00000009  ___bank_tileset_8                  tileset_8
     0000000A  ___bank_scene_11_collisions        scene_11_collisions
     0000000A  ___bank_scene_2_collisions         scene_2_collisions
     0000000A  ___bank_scene_4_collisions         scene_4_collisions
     0000000A  ___bank_spritesheet_none           spritesheet_none
     0000000A  ___bank_tilemap_14                 tilemap_14
     0000000A  ___bank_tilemap_23                 tilemap_23
     0000000A  ___bank_tilemap_35                 tilemap_35
     0000000A  ___bank_tilemap_36                 tilemap_36
     0000000A  ___bank_tilemap_37                 tilemap_37
     0000000A  ___bank_tileset_10                 tileset_10
     0000000A  ___bank_tileset_12                 tileset_12
     0000000A  ___bank_tileset_6                  tileset_6
     0000000B  ___bank_music_track_0__Data        music_track_0__Data
     0000000B  ___bank_scene_13_collisions        scene_13_collisions
ASxxxx Linker V03.00 + NoICE + sdld,  page 8.
Hexadecimal  [32-Bits]

Area                                    Addr        Size        Decimal Bytes (Attributes)
--------------------------------        ----        ----        ------- ----- ------------
.  .ABS.                            00000000    00000000 =           0. bytes (ABS,CON)

      Value  Global                              Global Defined In Module
      -----  --------------------------------   ------------------------
     0000000B  ___bank_scene_15_collisions        scene_15_collisions
     0000000B  ___bank_scene_16_collisions        scene_16_collisions
     0000000B  ___bank_scene_17_collisions        scene_17_collisions
     0000000B  ___bank_scene_18_collisions        scene_18_collisions
     0000000B  ___bank_scene_5_collisions         scene_5_collisions
     0000000B  ___bank_scene_7_collisions         scene_7_collisions
     0000000B  ___bank_script_refresh_battle_ui   script_refresh_battle_ui
     0000000B  ___bank_spritesheet_4              spritesheet_4
     0000000B  ___bank_tilemap_15                 tilemap_15
     0000000B  ___bank_tilemap_16                 tilemap_16
     0000000B  ___bank_tilemap_17                 tilemap_17
     0000000B  ___bank_tilemap_25                 tilemap_25
     0000000B  ___bank_tilemap_27                 tilemap_27
     0000000B  ___bank_tileset_1                  tileset_1
     0000000B  ___bank_tileset_4                  tileset_4
     0000000B  ___bank_tileset_7                  tileset_7
     0000000C  ___bank_frame_image                frame_image
     0000000C  ___bank_scene_0_collisions         scene_0_collisions
     0000000C  ___bank_scene_1_collisions         scene_1_collisions
     0000000C  ___bank_scene_27_collisions        scene_27_collisions
     0000000C  ___bank_scene_28_collisions        scene_28_collisions
     0000000C  ___bank_scene_29_collisions        scene_29_collisions
     0000000C  ___bank_scene_30_collisions        scene_30_collisions
     0000000C  ___bank_scene_31_collisions        scene_31_collisions
     0000000C  ___bank_scene_32_collisions        scene_32_collisions
     0000000C  ___bank_scene_33_collisions        scene_33_collisions
     0000000C  ___bank_scene_34_actors            scene_34_actors
     0000000C  ___bank_scene_34_collisions        scene_34_collisions
     0000000C  ___bank_scene_35_collisions        scene_35_collisions
     0000000C  ___bank_scene_36_collisions        scene_36_collisions
     0000000C  ___bank_scene_36_sprites           scene_36_sprites
     0000000C  ___bank_scene_37_actors            scene_37_actors
     0000000C  ___bank_scene_37_collisions        scene_37_collisions
     0000000C  ___bank_scene_38_collisions        scene_38_collisions
     0000000C  ___bank_script_input_0             script_input_0
     0000000C  ___bank_script_input_1             script_input_1
     0000000C  ___bank_script_s1_init             script_s1_init
     0000000C  ___bank_script_s27_init            script_s27_init
     0000000C  ___bank_script_s34_init            script_s34_init
     0000000C  ___bank_script_s36_init            script_s36_init
     0000000C  ___bank_script_s37_init            script_s37_init
     0000000C  ___bank_script_s3a0_interact       script_s3a0_interact
     0000000C  ___bank_script_speech_bubble_tes   script_speech_bubble_test
     0000000C  ___bank_spritesheet_1              spritesheet_1
     0000000C  ___bank_tilemap_0                  tilemap_0
     0000000C  ___bank_tilemap_1                  tilemap_1
     0000000C  ___bank_tilemap_10                 tilemap_10
     0000000C  ___bank_tilemap_11                 tilemap_11
     0000000C  ___bank_tilemap_12                 tilemap_12
     0000000C  ___bank_tilemap_13                 tilemap_13
     0000000C  ___bank_tilemap_19                 tilemap_19
ASxxxx Linker V03.00 + NoICE + sdld,  page 9.
Hexadecimal  [32-Bits]

Area                                    Addr        Size        Decimal Bytes (Attributes)
--------------------------------        ----        ----        ------- ----- ------------
.  .ABS.                            00000000    00000000 =           0. bytes (ABS,CON)

      Value  Global                              Global Defined In Module
      -----  --------------------------------   ------------------------
     0000000C  ___bank_tilemap_2                  tilemap_2
     0000000C  ___bank_tilemap_22                 tilemap_22
     0000000C  ___bank_tilemap_28                 tilemap_28
     0000000C  ___bank_tilemap_29                 tilemap_29
     0000000C  ___bank_tilemap_3                  tilemap_3
     0000000C  ___bank_tilemap_30                 tilemap_30
     0000000C  ___bank_tilemap_4                  tilemap_4
     0000000C  ___bank_tilemap_5                  tilemap_5
     0000000C  ___bank_tilemap_6                  tilemap_6
     0000000C  ___bank_tilemap_7                  tilemap_7
     0000000C  ___bank_tilemap_8                  tilemap_8
     0000000C  ___bank_tilemap_9                  tilemap_9
     0000000C  __start_save                    
     0000000D  ___bank_background_0               background_0
     0000000D  ___bank_background_1               background_1
     0000000D  ___bank_background_10              background_10
     0000000D  ___bank_background_11              background_11
     0000000D  ___bank_background_12              background_12
     0000000D  ___bank_background_13              background_13
     0000000D  ___bank_background_14              background_14
     0000000D  ___bank_background_15              background_15
     0000000D  ___bank_background_16              background_16
     0000000D  ___bank_background_17              background_17
     0000000D  ___bank_background_18              background_18
     0000000D  ___bank_background_19              background_19
     0000000D  ___bank_background_2               background_2
     0000000D  ___bank_background_20              background_20
     0000000D  ___bank_background_21              background_21
     0000000D  ___bank_background_22              background_22
     0000000D  ___bank_background_23              background_23
     0000000D  ___bank_background_24              background_24
     0000000D  ___bank_background_25              background_25
     0000000D  ___bank_background_26              background_26
     0000000D  ___bank_background_27              background_27
     0000000D  ___bank_background_28              background_28
     0000000D  ___bank_background_29              background_29
     0000000D  ___bank_background_3               background_3
     0000000D  ___bank_background_30              background_30
     0000000D  ___bank_background_31              background_31
     0000000D  ___bank_background_32              background_32
     0000000D  ___bank_background_33              background_33
     0000000D  ___bank_background_34              background_34
     0000000D  ___bank_background_35              background_35
     0000000D  ___bank_background_36              background_36
     0000000D  ___bank_background_37              background_37
     0000000D  ___bank_background_38              background_38
     0000000D  ___bank_background_4               background_4
     0000000D  ___bank_background_5               background_5
     0000000D  ___bank_background_6               background_6
     0000000D  ___bank_background_7               background_7
     0000000D  ___bank_background_8               background_8
ASxxxx Linker V03.00 + NoICE + sdld,  page 10.
Hexadecimal  [32-Bits]

Area                                    Addr        Size        Decimal Bytes (Attributes)
--------------------------------        ----        ----        ------- ----- ------------
.  .ABS.                            00000000    00000000 =           0. bytes (ABS,CON)

      Value  Global                              Global Defined In Module
      -----  --------------------------------   ------------------------
     0000000D  ___bank_background_9               background_9
     0000000D  ___bank_cursor_image               cursor_image
     0000000D  ___bank_scene_0                    scene_0
     0000000D  ___bank_scene_1                    scene_1
     0000000D  ___bank_scene_10                   scene_10
     0000000D  ___bank_scene_10_triggers          scene_10_triggers
     0000000D  ___bank_scene_11                   scene_11
     0000000D  ___bank_scene_11_triggers          scene_11_triggers
     0000000D  ___bank_scene_12                   scene_12
     0000000D  ___bank_scene_13                   scene_13
     0000000D  ___bank_scene_14                   scene_14
     0000000D  ___bank_scene_15                   scene_15
     0000000D  ___bank_scene_16                   scene_16
     0000000D  ___bank_scene_17                   scene_17
     0000000D  ___bank_scene_18                   scene_18
     0000000D  ___bank_scene_19                   scene_19
     0000000D  ___bank_scene_2                    scene_2
     0000000D  ___bank_scene_20                   scene_20
     0000000D  ___bank_scene_21                   scene_21
     0000000D  ___bank_scene_22                   scene_22
     0000000D  ___bank_scene_23                   scene_23
     0000000D  ___bank_scene_24                   scene_24
     0000000D  ___bank_scene_25                   scene_25
     0000000D  ___bank_scene_26                   scene_26
     0000000D  ___bank_scene_27                   scene_27
     0000000D  ___bank_scene_28                   scene_28
     0000000D  ___bank_scene_29                   scene_29
     0000000D  ___bank_scene_2_triggers           scene_2_triggers
     0000000D  ___bank_scene_3                    scene_3
     0000000D  ___bank_scene_30                   scene_30
     0000000D  ___bank_scene_31                   scene_31
     0000000D  ___bank_scene_32                   scene_32
     0000000D  ___bank_scene_33                   scene_33
     0000000D  ___bank_scene_34                   scene_34
     0000000D  ___bank_scene_34_projectiles       scene_34_projectiles
     0000000D  ___bank_scene_34_sprites           scene_34_sprites
     0000000D  ___bank_scene_35                   scene_35
     0000000D  ___bank_scene_36                   scene_36
     0000000D  ___bank_scene_36_actors            scene_36_actors
     0000000D  ___bank_scene_37                   scene_37
     0000000D  ___bank_scene_37_projectiles       scene_37_projectiles
     0000000D  ___bank_scene_38                   scene_38
     0000000D  ___bank_scene_3_triggers           scene_3_triggers
     0000000D  ___bank_scene_4                    scene_4
     0000000D  ___bank_scene_4_triggers           scene_4_triggers
     0000000D  ___bank_scene_5                    scene_5
     0000000D  ___bank_scene_5_triggers           scene_5_triggers
     0000000D  ___bank_scene_6                    scene_6
     0000000D  ___bank_scene_6_triggers           scene_6_triggers
     0000000D  ___bank_scene_7                    scene_7
     0000000D  ___bank_scene_7_triggers           scene_7_triggers
ASxxxx Linker V03.00 + NoICE + sdld,  page 11.
Hexadecimal  [32-Bits]

Area                                    Addr        Size        Decimal Bytes (Attributes)
--------------------------------        ----        ----        ------- ----- ------------
.  .ABS.                            00000000    00000000 =           0. bytes (ABS,CON)

      Value  Global                              Global Defined In Module
      -----  --------------------------------   ------------------------
     0000000D  ___bank_scene_8                    scene_8
     0000000D  ___bank_scene_8_triggers           scene_8_triggers
     0000000D  ___bank_scene_9                    scene_9
     0000000D  ___bank_scene_9_triggers           scene_9_triggers
     0000000D  ___bank_script_add_menu_to_overw   script_add_menu_to_overworld
     0000000D  ___bank_script_engine_init         
     0000000D  ___bank_script_enter_battle        script_enter_battle
     0000000D  ___bank_script_input_3             script_input_3
     0000000D  ___bank_script_s0_init             script_s0_init
     0000000D  ___bank_script_s10t0_interact      script_s10t0_interact
     0000000D  ___bank_script_s11t0_interact      script_s11t0_interact
     0000000D  ___bank_script_s11t1_interact      script_s11t1_interact
     0000000D  ___bank_script_s28_init            script_s28_init
     0000000D  ___bank_script_s29_init            script_s29_init
     0000000D  ___bank_script_s2_init             script_s2_init
     0000000D  ___bank_script_s2t0_interact       script_s2t0_interact
     0000000D  ___bank_script_s2t1_interact       script_s2t1_interact
     0000000D  ___bank_script_s30_init            script_s30_init
     0000000D  ___bank_script_s31_init            script_s31_init
     0000000D  ___bank_script_s32_init            script_s32_init
     0000000D  ___bank_script_s33_init            script_s33_init
     0000000D  ___bank_script_s34_p_hit1          script_s34_p_hit1
     0000000D  ___bank_script_s34a0_update        script_s34a0_update
     0000000D  ___bank_script_s35_init            script_s35_init
     0000000D  ___bank_script_s38_init            script_s38_init
     0000000D  ___bank_script_s3t0_interact       script_s3t0_interact
     0000000D  ___bank_script_s3t1_interact       script_s3t1_interact
     0000000D  ___bank_script_s4t0_interact       script_s4t0_interact
     0000000D  ___bank_script_s4t1_interact       script_s4t1_interact
     0000000D  ___bank_script_s5t0_interact       script_s5t0_interact
     0000000D  ___bank_script_s5t1_interact       script_s5t1_interact
     0000000D  ___bank_script_s6t0_interact       script_s6t0_interact
     0000000D  ___bank_script_s6t1_interact       script_s6t1_interact
     0000000D  ___bank_script_s7t0_interact       script_s7t0_interact
     0000000D  ___bank_script_s7t1_interact       script_s7t1_interact
     0000000D  ___bank_script_s8t0_interact       script_s8t0_interact
     0000000D  ___bank_script_s8t1_interact       script_s8t1_interact
     0000000D  ___bank_script_s9t0_interact       script_s9t0_interact
     0000000D  ___bank_script_s9t1_interact       script_s9t1_interact
     0000000D  ___bank_spritesheet_0              spritesheet_0
     0000000D  ___bank_spritesheet_3              spritesheet_3
     0000000D  ___bank_spritesheet_5              spritesheet_5
     0000000D  ___bank_tileset_11                 tileset_11
     0000000D  ___bank_tileset_13                 tileset_13
     0000000D  ___bank_tileset_15                 tileset_15
     0000000D  ___bank_tileset_16                 tileset_16
     0000000E  l__INITIALIZED                  
     0000000E  l__INITIALIZER                  
     0000002D  l__GSINIT                       
     00000030  l__HEADER6                      
     0000004E  l__HEADER4                      
ASxxxx Linker V03.00 + NoICE + sdld,  page 12.
Hexadecimal  [32-Bits]

Area                                    Addr        Size        Decimal Bytes (Attributes)
--------------------------------        ----        ----        ------- ----- ------------
.  .ABS.                            00000000    00000000 =           0. bytes (ABS,CON)

      Value  Global                              Global Defined In Module
      -----  --------------------------------   ------------------------
     00000082  l__HEADER10                     
     000001CB  l__CRASH_SCRATCH2               
     00000200  s__CODE                         
     00000B99  l__CODE                         
     00000D99  s__HOME                         
     00001519  l__CODE_13                      
     000018FB  l__DATA                         
     00002000  _rROMB0                            
     000026C8  l__HOME                         
     0000270D  l__CODE_4                       
     000027A4  l__CODE_1                       
     00002AD8  l__CODE_3                       
     00003000  _rROMB1                            
     00003461  s__BASE                         
     00003461  s__CODE_0                       
     00003461  s__INITIALIZER                  
     00003461  s__LIT                          
     0000346F  s__GSINIT                       
     0000349C  s__GSFINAL                      
     000037E2  l__CODE_2                       
     00003FFE  l__CODE_12                      
     00003FFE  l__CODE_5                       
     00003FFE  l__CODE_9                       
     00003FFF  l__CODE_10                      
     00003FFF  l__CODE_11                      
     00003FFF  l__CODE_8                       
     00004000  _RTC_SELECT_REG                    vm_rtc
     00004000  _rRAMB                             
     00004000  l__CODE_6                       
     00004000  l__CODE_7                       
     00006000  _RTC_LATCH_REG                     vm_rtc
     00008000  __VRAM                             
     00008000  __VRAM8000                         
     00008800  __VRAM8800                         
     00009000  __VRAM9000                         
     00009800  __SCRN0                            
     00009C00  __SCRN1                            
     0000A000  _RTC_VALUE_REG                     vm_rtc
     0000A000  __SRAM                             
     0000C000  __RAM                              
     0000C000  _shadow_OAM                     
     0000C0A0  s__DATA                         
     0000D000  __RAMBANK                          
     0000D99B  s__BSS                          
     0000D99B  s__INITIALIZED                  
     0000D9A9  s__HEAP                         
     0000DF00  .STACK                          
     0000DF00  _shadow_OAM2                       absolute
     0000DFA0  _BkgPalette                        absolute
     0000DFE0  _vwf_tile_data                     absolute
     0000FE00  __OAMRAM                           
ASxxxx Linker V03.00 + NoICE + sdld,  page 13.
Hexadecimal  [32-Bits]

Area                                    Addr        Size        Decimal Bytes (Attributes)
--------------------------------        ----        ----        ------- ----- ------------
.  .ABS.                            00000000    00000000 =           0. bytes (ABS,CON)

      Value  Global                              Global Defined In Module
      -----  --------------------------------   ------------------------
     0000FF00  _P1_REG                            
     0000FF00  __IO                               
     0000FF01  _SB_REG                            
     0000FF02  _SC_REG                            
     0000FF04  _DIV_REG                           
     0000FF05  _TIMA_REG                          
     0000FF06  _TMA_REG                           
     0000FF07  _TAC_REG                           
     0000FF0F  _IF_REG                            
     0000FF10  _NR10_REG                          
     0000FF11  _NR11_REG                          
     0000FF12  _NR12_REG                          
     0000FF13  _NR13_REG                          
     0000FF14  _NR14_REG                          
     0000FF16  _NR21_REG                          
     0000FF17  _NR22_REG                          
     0000FF18  _NR23_REG                          
     0000FF19  _NR24_REG                          
     0000FF1A  _NR30_REG                          
     0000FF1B  _NR31_REG                          
     0000FF1C  _NR32_REG                          
     0000FF1D  _NR33_REG                          
     0000FF1E  _NR34_REG                          
     0000FF20  _NR41_REG                          
     0000FF21  _NR42_REG                          
     0000FF22  _NR43_REG                          
     0000FF23  _NR44_REG                          
     0000FF24  _NR50_REG                          
     0000FF25  _NR51_REG                          
     0000FF26  _NR52_REG                          
     0000FF30  _PCM_SAMPLE                        
     0000FF30  __AUD3WAVERAM                      
     0000FF40  _LCDC_REG                          
     0000FF41  _STAT_REG                          
     0000FF42  _SCY_REG                           
     0000FF43  _SCX_REG                           
     0000FF44  _LY_REG                            
     0000FF45  _LYC_REG                           
     0000FF46  _DMA_REG                           
     0000FF47  _BGP_REG                           
     0000FF48  _OBP0_REG                          
     0000FF49  _OBP1_REG                          
     0000FF4A  _WY_REG                            
     0000FF4B  _WX_REG                            
     0000FF4D  _KEY1_REG                          
     0000FF4F  _VBK_REG                           
     0000FF51  _HDMA1_REG                         
     0000FF52  _HDMA2_REG                         
     0000FF53  _HDMA3_REG                         
     0000FF54  _HDMA4_REG                         
     0000FF55  _HDMA5_REG                         
ASxxxx Linker V03.00 + NoICE + sdld,  page 14.
Hexadecimal  [32-Bits]

Area                                    Addr        Size        Decimal Bytes (Attributes)
--------------------------------        ----        ----        ------- ----- ------------
.  .ABS.                            00000000    00000000 =           0. bytes (ABS,CON)

      Value  Global                              Global Defined In Module
      -----  --------------------------------   ------------------------
     0000FF56  _RP_REG                            
     0000FF68  _BCPS_REG                          
     0000FF69  _BCPD_REG                          
     0000FF6A  _OCPS_REG                          
     0000FF6B  _OCPD_REG                          
     0000FF70  _SVBK_REG                          
     0000FF76  _PCM12_REG                         
     0000FF77  _PCM34_REG                         
     0000FF80  .refresh_OAM                    
     0000FF80  __HRAM                             
     0000FFFF  _IE_REG                            
     00014000  s__CODE_1                       
     00024000  s__CODE_2                       
     00034000  s__CODE_3                       
     00044000  s__CODE_4                       
     00054000  s__CODE_5                       
     00064000  s__CODE_6                       
     00074000  s__CODE_7                       
     00084000  s__CODE_8                       
     00094000  s__CODE_9                       
     000A4000  s__CODE_10                      
     000B4000  s__CODE_11                      
     000C4000  s__CODE_12                      
     000D4000  s__CODE_13                      

ASxxxx Linker V03.00 + NoICE + sdld,  page 15.
Hexadecimal  [32-Bits]

Area                                    Addr        Size        Decimal Bytes (Attributes)
--------------------------------        ----        ----        ------- ----- ------------
_CODE                               00000200    00000B99 =        2969. bytes (REL,CON)

      Value  Global                              Global Defined In Module
      -----  --------------------------------   ------------------------
     00000200  ___HandleCrash                     
     0000020A  _SIO_send_byte                     
     0000021D  _SIO_receive                       
     0000022E  _hide_hardware_sprites             OAM_utils
     0000025A  _SetTile                           
     00000269  _set_win_tile_xy                   
     0000026E  _set_bkg_tile_xy                   
     00000291  _GetWinAddr                        
     00000299  _GetBkgAddr                        
     000002A7  _state_init                        
     000002AC  _state_update                      
     000002CE  _ui_time_masks                     
     000002D6  _ui_print_shift_char               
     00000359  _ui_draw_frame_row                 
     00000362  .ui_draw_frame_row                 
     0000038B  _script_cmds                       vm_instructions
     00000529  _start_scene_x                     
     0000052B  _start_scene_y                     
     0000052D  _start_scene_dir                   
     0000052E  _start_scene                       
     00000531  _start_player_move_speed           
     00000532  _start_player_anim_tick            
     00000533  _ui_fonts                          
     00000539  _core_reset_hook                   main
     00000541  _main                              main
     00000549  _state_start_fns                   
     0000055B  _state_update_fns                  
     0000056D  _hUGE_init_banked                  hUGEDriver_obj
     00000571  _hUGE_init                         hUGEDriver_obj
     0000057C  _hUGE_mute_channel_banked          hUGEDriver_obj
     00000580  _hUGE_mute_channel                 hUGEDriver_obj
     0000058D  hUGE_mute_channel                  hUGEDriver_obj
     000005A7  _hUGE_set_position_banked          hUGEDriver_obj
     000005AB  _hUGE_set_position                 hUGEDriver_obj
     000005B4  hUGE_init                          hUGEDriver_obj
     00000821  hUGE_set_position                  hUGEDriver_obj
     000009BF  _hUGE_dosound                      hUGEDriver_obj
     000009BF  _hUGE_dosound_banked               hUGEDriver_obj
     00000CD3  .sgb_check                         
     00000CD3  _sgb_check                         
     00000D1B  _sgb_transfer                      
     00000D20  .sgb_transfer                      
     00000D61  ___move_metasprite                 Metasprites

ASxxxx Linker V03.00 + NoICE + sdld,  page 16.
Hexadecimal  [32-Bits]

Area                                    Addr        Size        Decimal Bytes (Attributes)
--------------------------------        ----        ----        ------- ----- ------------
_HEADER0                            00000000    00000001 =           1. bytes (ABS,CON)

      Value  Global                              Global Defined In Module
      -----  --------------------------------   ------------------------
     00000020  .call_hl                           Runtime

ASxxxx Linker V03.00 + NoICE + sdld,  page 17.
Hexadecimal  [32-Bits]

Area                                    Addr        Size        Decimal Bytes (Attributes)
--------------------------------        ----        ----        ------- ----- ------------
_HEADER1                            00000000    00000005 =           5. bytes (ABS,CON)

      Value  Global                              Global Defined In Module
      -----  --------------------------------   ------------------------
     00000028  .MemsetSmall                       Runtime

ASxxxx Linker V03.00 + NoICE + sdld,  page 18.
Hexadecimal  [32-Bits]

Area                                    Addr        Size        Decimal Bytes (Attributes)
--------------------------------        ----        ----        ------- ----- ------------
_HEADER2                            00000000    00000007 =           7. bytes (ABS,CON)

      Value  Global                              Global Defined In Module
      -----  --------------------------------   ------------------------
     00000030  .MemcpySmall                       Runtime

ASxxxx Linker V03.00 + NoICE + sdld,  page 19.
Hexadecimal  [32-Bits]

Area                                    Addr        Size        Decimal Bytes (Attributes)
--------------------------------        ----        ----        ------- ----- ------------
_HEADER3                            00000000    00000008 =           8. bytes (ABS,CON)

      Value  Global                              Global Defined In Module
      -----  --------------------------------   ------------------------
ASxxxx Linker V03.00 + NoICE + sdld,  page 20.
Hexadecimal  [32-Bits]

Area                                    Addr        Size        Decimal Bytes (Attributes)
--------------------------------        ----        ----        ------- ----- ------------
_HEADER4                            00000000    0000004E =          78. bytes (ABS,CON)

      Value  Global                              Global Defined In Module
      -----  --------------------------------   ------------------------
     00000080  .int                               Runtime
     0000008F  _wait_int_handler                  Runtime
     0000009C  __standard_VBL_handler             Runtime
     000000AC  _refresh_OAM                       Runtime

ASxxxx Linker V03.00 + NoICE + sdld,  page 21.
Hexadecimal  [32-Bits]

Area                                    Addr        Size        Decimal Bytes (Attributes)
--------------------------------        ----        ----        ------- ----- ------------
_HEADER5                            00000000    00000002 =           2. bytes (ABS,CON)

      Value  Global                              Global Defined In Module
      -----  --------------------------------   ------------------------
ASxxxx Linker V03.00 + NoICE + sdld,  page 22.
Hexadecimal  [32-Bits]

Area                                    Addr        Size        Decimal Bytes (Attributes)
--------------------------------        ----        ----        ------- ----- ------------
_HEADER6                            00000000    00000030 =          48. bytes (ABS,CON)

      Value  Global                              Global Defined In Module
      -----  --------------------------------   ------------------------
ASxxxx Linker V03.00 + NoICE + sdld,  page 23.
Hexadecimal  [32-Bits]

Area                                    Addr        Size        Decimal Bytes (Attributes)
--------------------------------        ----        ----        ------- ----- ------------
_HEADER7                            00000000    00000006 =           6. bytes (ABS,CON)

      Value  Global                              Global Defined In Module
      -----  --------------------------------   ------------------------
ASxxxx Linker V03.00 + NoICE + sdld,  page 24.
Hexadecimal  [32-Bits]

Area                                    Addr        Size        Decimal Bytes (Attributes)
--------------------------------        ----        ----        ------- ----- ------------
_HEADER8                            00000000    00000003 =           3. bytes (ABS,CON)

      Value  Global                              Global Defined In Module
      -----  --------------------------------   ------------------------
ASxxxx Linker V03.00 + NoICE + sdld,  page 25.
Hexadecimal  [32-Bits]

Area                                    Addr        Size        Decimal Bytes (Attributes)
--------------------------------        ----        ----        ------- ----- ------------
_HEADER9                            00000000    00000001 =           1. bytes (ABS,CON)

      Value  Global                              Global Defined In Module
      -----  --------------------------------   ------------------------
ASxxxx Linker V03.00 + NoICE + sdld,  page 26.
Hexadecimal  [32-Bits]

Area                                    Addr        Size        Decimal Bytes (Attributes)
--------------------------------        ----        ----        ------- ----- ------------
_HEADERa                            00000000    00000001 =           1. bytes (ABS,CON)

      Value  Global                              Global Defined In Module
      -----  --------------------------------   ------------------------
ASxxxx Linker V03.00 + NoICE + sdld,  page 27.
Hexadecimal  [32-Bits]

Area                                    Addr        Size        Decimal Bytes (Attributes)
--------------------------------        ----        ----        ------- ----- ------------
_HEADERb                            00000000    00000001 =           1. bytes (ABS,CON)

      Value  Global                              Global Defined In Module
      -----  --------------------------------   ------------------------
ASxxxx Linker V03.00 + NoICE + sdld,  page 28.
Hexadecimal  [32-Bits]

Area                                    Addr        Size        Decimal Bytes (Attributes)
--------------------------------        ----        ----        ------- ----- ------------
_HEADERc                            00000000    00000002 =           2. bytes (ABS,CON)

      Value  Global                              Global Defined In Module
      -----  --------------------------------   ------------------------
ASxxxx Linker V03.00 + NoICE + sdld,  page 29.
Hexadecimal  [32-Bits]

Area                                    Addr        Size        Decimal Bytes (Attributes)
--------------------------------        ----        ----        ------- ----- ------------
_HEADERd                            00000000    00000001 =           1. bytes (ABS,CON)

      Value  Global                              Global Defined In Module
      -----  --------------------------------   ------------------------
ASxxxx Linker V03.00 + NoICE + sdld,  page 30.
Hexadecimal  [32-Bits]

Area                                    Addr        Size        Decimal Bytes (Attributes)
--------------------------------        ----        ----        ------- ----- ------------
_HEADERe                            00000000    00000001 =           1. bytes (ABS,CON)

      Value  Global                              Global Defined In Module
      -----  --------------------------------   ------------------------
ASxxxx Linker V03.00 + NoICE + sdld,  page 31.
Hexadecimal  [32-Bits]

Area                                    Addr        Size        Decimal Bytes (Attributes)
--------------------------------        ----        ----        ------- ----- ------------
_HEADERf                            00000000    00000002 =           2. bytes (ABS,CON)

      Value  Global                              Global Defined In Module
      -----  --------------------------------   ------------------------
ASxxxx Linker V03.00 + NoICE + sdld,  page 32.
Hexadecimal  [32-Bits]

Area                                    Addr        Size        Decimal Bytes (Attributes)
--------------------------------        ----        ----        ------- ----- ------------
_HEADER10                           00000000    00000082 =         130. bytes (ABS,CON)

      Value  Global                              Global Defined In Module
      -----  --------------------------------   ------------------------
     00000150  .reset                             Runtime
     00000150  _reset                             Runtime
     00000157  .code_start                        Runtime
     000001B7  _exit                              Runtime
     000001BB  _set_interrupts                    Runtime

ASxxxx Linker V03.00 + NoICE + sdld,  page 33.
Hexadecimal  [32-Bits]

Area                                    Addr        Size        Decimal Bytes (Attributes)
--------------------------------        ----        ----        ------- ----- ------------
_HEADER11                           00000000    00000001 =           1. bytes (ABS,CON)

      Value  Global                              Global Defined In Module
      -----  --------------------------------   ------------------------
ASxxxx Linker V03.00 + NoICE + sdld,  page 34.
Hexadecimal  [32-Bits]

Area                                    Addr        Size        Decimal Bytes (Attributes)
--------------------------------        ----        ----        ------- ----- ------------
_HOME                               00000D99    000026C8 =        9928. bytes (REL,CON)

      Value  Global                              Global Defined In Module
      -----  --------------------------------   ------------------------
     00000D99  .memset_simple                     Runtime
     00000DA2  .memcpy_simple                     Runtime
     00000DBF  .remove_VBL                        Runtime
     00000DC2  .remove_int                        Runtime
     00000DDF  .add_VBL                           Runtime
     00000DE2  .add_int                           Runtime
     00000DED  .wait_vbl_done                     Runtime
     00000DED  _wait_vbl_done                     Runtime
     00000DFD  .display_off                       Runtime
     00000DFD  _display_off                       Runtime
     00000E15  _remove_VBL                        Runtime
     00000E20  _add_VBL                           Runtime
     00000E2B  _actors_update                     actor
     0000119E  _SetBankedBkgData                  bankdata
     000011BA  _SetBankedSpriteData               bankdata
     000011D6  _SetBankedBkgTiles                 bankdata
     000011F2  _SetBankedWinTiles                 bankdata
     0000120E  _ReadBankedFarPtr                  bankdata
     00001235  _ReadBankedUWORD                   bankdata
     00001251  _MemcpyBanked                      bankdata
     0000126D  _MemcpyVRAMBanked                  bankdata
     00001289  _camera_update                     camera
     000013BC  _load_animations                   data_manager
     0000141B  _events_update                     events
     000014EB  _timers_update                     events
     00001573  _input_update                      input
     000015A2  .sio_ISR                           
     000015FC  .timer_ISR                         
     00001611  _simple_LCD_isr                    interrupts
     0000165C  _fullscreen_LCD_isr                interrupts
     0000168D  _VBL_isr                           interrupts
     000016CA  _isqrt                             math
     00001720  _sine_wave                         math
     00001820  _dir_lookup                        math
     00001828  _dir_angle_lookup                  math
     0000182C  _hUGETrackerRoutine                music_manager
     00001858  _music_events_update               music_manager
     000018DA  _music_play                        music_manager
     0000195A  _music_mute                        music_manager
     00001982  _music_update                      music_manager
     000019E2  _sound_stop                        music_manager
     00001A13  _parallax_LCD_isr                  parallax
     00001A50  _projectiles_update                projectiles
     00001E09  _projectiles_render                projectiles
     00001F7C  _sample_play_isr                   sample_player
     00001FFB  _scroll_load_pending_row           scroll
     0000204E  _scroll_load_row                   scroll
     00002093  _scroll_load_col                   scroll
     000020C7  _scroll_load_pending_col           scroll
     0000211F  _set_bkg_submap                    
ASxxxx Linker V03.00 + NoICE + sdld,  page 35.
Hexadecimal  [32-Bits]

Area                                    Addr        Size        Decimal Bytes (Attributes)
--------------------------------        ----        ----        ------- ----- ------------
_HOME                               00000D99    000026C8 =        9928. bytes (REL,CON)

      Value  Global                              Global Defined In Module
      -----  --------------------------------   ------------------------
     00002162  _set_xy_win_submap                 
     0000218B  .set_xy_win_submap                 
     00002194  .set_xy_bkg_submap                 
     000021A3  .set_xy_submap                     
     000021E9  _on_SIO_receive                    sio
     0000222A  _SIO_update                        sio
     00002291  _ui_update                         ui
     00002351  _vm_sgb_transfer                   vm_sgb
     0000239F  _vm_load_text                      vm_ui
     000025F4  _vm_beginthread                    vm
     00002719  _vm_rpn                            vm
     00002DDD  _vm_call_native                    vm
     00002DE7  _VM_STEP                           vm
     00002E51  _script_runner_update              vm
     00002FCB  _fill_win_rect                     
     00002FDD  _rand                              
     00002FDD  _randw                             
     00003008  _initrand                          
     0000300A  .initrand                          
     00003013  __mulsuchar                        mul
     0000301D  __muluschar                        mul
     00003027  __mulschar                         mul
     00003039  __muluchar                         mul
     00003045  __mulint                           mul
     0000306B  _abs                               abs
     0000307A  _set_win_tiles                     
     0000308E  _set_tile_data                     
     00003093  _set_bkg_data                      
     00003093  _set_win_data                      
     0000309B  _set_sprite_data                   
     000030CB  _reverse                           reverse
     000030FF  ___call__banked                    far_ptr
     0000311C  _to_far_ptr                        far_ptr
     00003155  _add_LCD                           
     00003160  .add_LCD                           
     00003166  _remove_LCD                        
     00003171  .remove_LCD                        
     00003177  .fill_rect_wtt                     
     00003180  .fill_rect_btt                     
     000031CD  .copy_vram                         
     000031E1  _get_data                          
     000031E1  _set_data                          
     000031E1  _vmemcpy                           
     000031F4  _fill_bkg_rect                     
     00003206  .padup                             
     00003206  _waitpadup                         
     00003216  .jpad                              
     00003216  _joypad                            
     0000323E  _waitpad                           
     00003241  .wait_pad                          
     00003248  ___sdcc_call_hl                    call_hl
ASxxxx Linker V03.00 + NoICE + sdld,  page 36.
Hexadecimal  [32-Bits]

Area                                    Addr        Size        Decimal Bytes (Attributes)
--------------------------------        ----        ----        ------- ----- ------------
_HOME                               00000D99    000026C8 =        9928. bytes (REL,CON)

      Value  Global                              Global Defined In Module
      -----  --------------------------------   ------------------------
     00003249  ___memcpy                          memcpy
     00003249  _memcpy                            memcpy
     0000328C  _memset                            memset
     000032BF  ___sdcc_bcall_ehl                  
     000032D0  __divsuchar                        div
     000032DD  __modsuchar                        div
     000032E7  __divuschar                        div
     000032F9  __moduschar                        div
     00003309  __divschar                         div
     00003315  __modschar                         div
     0000331F  __divsint                          div
     00003330  __modsint                          div
     0000333F  __divuchar                         div
     0000334B  __moduchar                         div
     00003355  __divuint                          div
     00003366  __moduint                          div
     00003375  .div8                              div
     00003375  .mod8                              div
     0000337D  .div16                             div
     0000337D  .mod16                             div
     000033B3  .divu8                             div
     000033B3  .modu8                             div
     000033B6  .divu16                            div
     000033B6  .modu16                            div
     000033F7  _set_bkg_tiles                     
     0000340B  .set_xy_wtt                        
     00003414  .set_xy_btt                        
     00003423  .set_xy_tt                         
ASxxxx Linker V03.00 + NoICE + sdld,  page 37.
Hexadecimal  [32-Bits]

Area                                    Addr        Size        Decimal Bytes (Attributes)
--------------------------------        ----        ----        ------- ----- ------------
_INITIALIZER                        00003461    0000000E =          14. bytes (REL,CON)

      Value  Global                              Global Defined In Module
      -----  --------------------------------   ------------------------
ASxxxx Linker V03.00 + NoICE + sdld,  page 38.
Hexadecimal  [32-Bits]

Area                                    Addr        Size        Decimal Bytes (Attributes)
--------------------------------        ----        ----        ------- ----- ------------
_GSINIT                             0000346F    0000002D =          45. bytes (REL,CON)

      Value  Global                              Global Defined In Module
      -----  --------------------------------   ------------------------
     0000346F  gsinit                             Runtime

ASxxxx Linker V03.00 + NoICE + sdld,  page 39.
Hexadecimal  [32-Bits]

Area                                    Addr        Size        Decimal Bytes (Attributes)
--------------------------------        ----        ----        ------- ----- ------------
_GSFINAL                            0000349C    00000001 =           1. bytes (REL,CON)

      Value  Global                              Global Defined In Module
      -----  --------------------------------   ------------------------
ASxxxx Linker V03.00 + NoICE + sdld,  page 40.
Hexadecimal  [32-Bits]

Area                                    Addr        Size        Decimal Bytes (Attributes)
--------------------------------        ----        ----        ------- ----- ------------
_DATA                               0000C0A0    000018FB =        6395. bytes (REL,CON)

      Value  Global                              Global Defined In Module
      -----  --------------------------------   ------------------------
     0000C0A0  __cpu                              Runtime
     0000C0A1  __is_GBA                           Runtime
     0000C0A2  .mode                              Runtime
     0000C0A3  .sys_time                          Runtime
     0000C0A3  _sys_time                          Runtime
     0000C0A5  .int_0x40                          Runtime
     0000C0B9  _actors                            actor
     0000C4D3  _actors_active_head                actor
     0000C4D5  _actors_inactive_head              actor
     0000C4D7  _screen_x                          actor
     0000C4D8  _screen_y                          actor
     0000C4D9  _invalid                           actor
     0000C4DB  _player_moving                     actor
     0000C4DC  _player_iframes                    actor
     0000C4DD  _player_collision_actor            actor
     0000C4DF  _emote_actor                       actor
     0000C4E1  _emote_timer                       actor
     0000C4E2  _allocated_hardware_sprites        actor
     0000C4EA  _camera_x                          camera
     0000C4EC  _camera_y                          camera
     0000C4EE  _camera_offset_x                   camera
     0000C4EF  _camera_offset_y                   camera
     0000C4F0  _camera_deadzone_x                 camera
     0000C4F1  _camera_deadzone_y                 camera
     0000C4F2  _camera_settings                   camera
     0000C4F6  _current_scene                     data_manager
     0000C4F9  _image_bank                        data_manager
     0000C4FA  _image_ptr                         data_manager
     0000C4FC  _image_attr_bank                   data_manager
     0000C4FD  _image_attr_ptr                    data_manager
     0000C4FF  _collision_bank                    data_manager
     0000C500  _collision_ptr                     data_manager
     0000C502  _image_tile_width                  data_manager
     0000C503  _image_tile_height                 data_manager
     0000C504  _image_width                       data_manager
     0000C506  _image_height                      data_manager
     0000C508  _sprites_len                       data_manager
     0000C509  _actors_len                        data_manager
     0000C50A  _projectiles_len                   data_manager
     0000C50B  _player_sprite_len                 data_manager
     0000C50C  _scene_type                        data_manager
     0000C50D  _scene_LCD_type                    data_manager
     0000C50E  _scene_stack                       data_manager
     0000C54E  _scene_stack_ptr                   data_manager
     0000C553  _input_events                      events
     0000C57B  _input_slots                       events
     0000C583  _timer_events                      events
     0000C597  _timer_values                      events
     0000C59F  _fade_running                      fade_manager
     0000C5A0  _fade_frames_per_step              fade_manager
ASxxxx Linker V03.00 + NoICE + sdld,  page 41.
Hexadecimal  [32-Bits]

Area                                    Addr        Size        Decimal Bytes (Attributes)
--------------------------------        ----        ----        ------- ----- ------------
_DATA                               0000C0A0    000018FB =        6395. bytes (REL,CON)

      Value  Global                              Global Defined In Module
      -----  --------------------------------   ------------------------
     0000C5A1  _fade_timer                        fade_manager
     0000C5A4  _joypads                           input
     0000C5A9  _frame_joy                         input
     0000C5AA  _last_joy                          input
     0000C5AB  _recent_joy                        input
     0000C5AC  _SIO_status                        
     0000C5AD  _link_byte_sent                    
     0000C5AE  _link_next_mode                    
     0000C5AF  _save_blob_size                    load_save
     0000C5B1  _current_track                     music_manager
     0000C5B3  _tone_frames                       music_manager
     0000C5B4  _channel_mask                      music_manager
     0000C5B5  _sound_channel                     music_manager
     0000C5B6  _current_track_bank                music_manager
     0000C5B7  _music_stopped                     music_manager
     0000C5B8  _huge_initialized                  music_manager
     0000C5B9  _routine_queue                     music_manager
     0000C5BD  _routine_queue_head                music_manager
     0000C5BE  _routine_queue_tail                music_manager
     0000C5BF  _music_events                      music_manager
     0000C5D3  _DMG_palette                       palette
     0000C5D6  _SprPalette                        palette
     0000C616  _parallax_rows                     parallax
     0000C628  _parallax_row                      parallax
     0000C62A  _projectiles                       projectiles
     0000C6E3  _projectile_defs                   projectiles
     0000C756  _projectiles_active_head           projectiles
     0000C758  _projectiles_inactive_head         projectiles
     0000C75F  _scroll_x                          scroll
     0000C761  _scroll_y                          scroll
     0000C763  _draw_scroll_x                     scroll
     0000C765  _draw_scroll_y                     scroll
     0000C767  _scroll_x_max                      scroll
     0000C769  _scroll_y_max                      scroll
     0000C76B  _scroll_offset_x                   scroll
     0000C76C  _scroll_offset_y                   scroll
     0000C76D  _pending_h_x                       scroll
     0000C76E  _pending_h_y                       scroll
     0000C76F  _pending_h_i                       scroll
     0000C770  _pending_w_x                       scroll
     0000C771  _pending_w_y                       scroll
     0000C772  _pending_w_i                       scroll
     0000C773  _current_row                       scroll
     0000C775  _new_row                           scroll
     0000C777  _current_col                       scroll
     0000C779  _new_col                           scroll
     0000C77B  .image_tile_width                  
     0000C77C  _link_operation_mode               sio
     0000C77D  _link_packet                       sio
     0000C79D  _link_packet_len                   sio
     0000C79E  _link_packet_ptr                   sio
ASxxxx Linker V03.00 + NoICE + sdld,  page 42.
Hexadecimal  [32-Bits]

Area                                    Addr        Size        Decimal Bytes (Attributes)
--------------------------------        ----        ----        ------- ----- ------------
_DATA                               0000C0A0    000018FB =        6395. bytes (REL,CON)

      Value  Global                              Global Defined In Module
      -----  --------------------------------   ------------------------
     0000C7A0  _link_packet_received              sio
     0000C7A1  _link_packet_snd_len               sio
     0000C7A2  _link_packet_snd_ptr               sio
     0000C7A4  _link_packet_sent                  sio
     0000C7A5  __is_CGB                           system
     0000C7A6  __is_SGB                           system
     0000C7A7  _triggers                          trigger
     0000C89F  _last_trigger_tx                   trigger
     0000C8A0  _last_trigger_ty                   trigger
     0000C8A1  _last_trigger                      trigger
     0000C8A2  _win_pos_x                         ui
     0000C8A3  _win_dest_pos_x                    ui
     0000C8A4  _win_pos_y                         ui
     0000C8A5  _win_dest_pos_y                    ui
     0000C8A6  _win_speed                         ui
     0000C8A7  _text_drawn                        ui
     0000C8A8  _current_text_speed                ui
     0000C8A9  _text_wait                         ui
     0000C8AA  _text_in_speed                     ui
     0000C8AB  _text_out_speed                    ui
     0000C8AC  _text_draw_speed                   ui
     0000C8AD  _text_ff_joypad                    ui
     0000C8AE  _text_ff                           ui
     0000C8AF  _text_bkg_fill                     ui
     0000C8B0  _ui_text_data                      ui
     0000C9BA  _vwf_current_mask                  ui
     0000C9BB  _vwf_current_rotate                ui
     0000C9BC  _vwf_inverse_map                   ui
     0000C9BD  _vwf_direction                     ui
     0000C9BE  _vwf_current_font_desc             ui
     0000C9C6  _vwf_current_font_bank             ui
     0000C9C7  _vwf_current_font_idx              ui
     0000C9C8  _text_render_base_addr             ui
     0000C9CA  _text_scroll_addr                  ui
     0000C9CC  _text_scroll_width                 ui
     0000C9CD  _text_scroll_height                ui
     0000C9CE  _text_scroll_fill                  ui
     0000C9D4  __itoa_fmt_len                     vm_ui_a
     0000C9D5  .itoa_fmt_buf                      vm_ui_a
     0000C9D8  _CTXS                              vm
     0000CB08  _first_ctx                         vm
     0000CB0A  _free_ctxs                         vm
     0000CB0C  _vm_lock_state                     vm
     0000CB0D  _vm_loaded_state                   vm
     0000CB0E  _vm_exception_code                 vm
     0000CB0F  _vm_exception_params_length        vm
     0000CB10  _vm_exception_params_bank          vm
     0000CB11  _vm_exception_params_offset        vm
     0000CB13  _script_memory                     vm
     0000D91B  _grounded                          platform
     0000D91C  _on_ladder                         platform
ASxxxx Linker V03.00 + NoICE + sdld,  page 43.
Hexadecimal  [32-Bits]

Area                                    Addr        Size        Decimal Bytes (Attributes)
--------------------------------        ----        ----        ------- ----- ------------
_DATA                               0000C0A0    000018FB =        6395. bytes (REL,CON)

      Value  Global                              Global Defined In Module
      -----  --------------------------------   ------------------------
     0000D91D  _pl_vel_x                          platform
     0000D91F  _pl_vel_y                          platform
     0000D921  _plat_min_vel                      platform
     0000D923  _plat_walk_vel                     platform
     0000D925  _plat_climb_vel                    platform
     0000D927  _plat_run_vel                      platform
     0000D929  _plat_walk_acc                     platform
[...]
/tmp/_gbsbuild/obj/background_34.rel      [ background_34 ]
/tmp/_gbsbuild/obj/background_35.rel      [ background_35 ]
/tmp/_gbsbuild/obj/background_36.rel      [ background_36 ]
/tmp/_gbsbuild/obj/background_37.rel      [ background_37 ]
/tmp/_gbsbuild/obj/background_38.rel      [ background_38 ]
/tmp/_gbsbuild/obj/background_4.rel       [ background_4 ]
/tmp/_gbsbuild/obj/background_5.rel       [ background_5 ]
/tmp/_gbsbuild/obj/background_6.rel       [ background_6 ]
/tmp/_gbsbuild/obj/background_7.rel       [ background_7 ]
/tmp/_gbsbuild/obj/background_8.rel       [ background_8 ]
/tmp/_gbsbuild/obj/background_9.rel       [ background_9 ]
/tmp/_gbsbuild/obj/cursor_image.rel       [ cursor_image ]
/tmp/_gbsbuild/obj/font_0.rel             [ font_0 ]
/tmp/_gbsbuild/obj/font_1.rel             [ font_1 ]
/tmp/_gbsbuild/obj/frame_image.rel        [ frame_image ]
/tmp/_gbsbuild/obj/music_track_0__Data.rel
                                          [ music_track_0__Data ]
/tmp/_gbsbuild/obj/palette_0.rel          [ palette_0 ]
/tmp/_gbsbuild/obj/palette_1.rel          [ palette_1 ]
/tmp/_gbsbuild/obj/scene_0_collisions.rel
                                          [ scene_0_collisions ]
/tmp/_gbsbuild/obj/scene_0.rel            [ scene_0 ]
/tmp/_gbsbuild/obj/scene_1_collisions.rel
                                          [ scene_1_collisions ]
/tmp/_gbsbuild/obj/scene_1.rel            [ scene_1 ]
/tmp/_gbsbuild/obj/scene_10_collisions.rel
                                          [ scene_10_collisions ]
/tmp/_gbsbuild/obj/scene_10_triggers.rel  [ scene_10_triggers ]
/tmp/_gbsbuild/obj/scene_10.rel           [ scene_10 ]
/tmp/_gbsbuild/obj/scene_11_collisions.rel
                                          [ scene_11_collisions ]
/tmp/_gbsbuild/obj/scene_11_triggers.rel  [ scene_11_triggers ]
/tmp/_gbsbuild/obj/scene_11.rel           [ scene_11 ]
/tmp/_gbsbuild/obj/scene_12_collisions.rel
                                          [ scene_12_collisions ]
/tmp/_gbsbuild/obj/scene_12.rel           [ scene_12 ]
/tmp/_gbsbuild/obj/scene_13_collisions.rel
                                          [ scene_13_collisions ]
/tmp/_gbsbuild/obj/scene_13.rel           [ scene_13 ]
/tmp/_gbsbuild/obj/scene_14_collisions.rel
                                          [ scene_14_collisions ]
/tmp/_gbsbuild/obj/scene_14.rel           [ scene_14 ]
/tmp/_gbsbuild/obj/scene_15_collisions.rel
                                          [ scene_15_collisions ]
/tmp/_gbsbuild/obj/scene_15.rel           [ scene_15 ]
/tmp/_gbsbuild/obj/scene_16_collisions.rel
                                          [ scene_16_collisions ]
/tmp/_gbsbuild/obj/scene_16.rel           [ scene_16 ]
/tmp/_gbsbuild/obj/scene_17_collisions.rel
                                          [ scene_17_collisions ]
/tmp/_gbsbuild/obj/scene_17.rel           [ scene_17 ]
/tmp/_gbsbuild/obj/scene_18_collisions.rel
                                          [ scene_18_collisions ]
/tmp/_gbsbuild/obj/scene_18.rel           [ scene_18 ]
/tmp/_gbsbuild/obj/scene_19_collisions.rel
                                          [ scene_19_collisions ]
/tmp/_gbsbuild/obj/scene_19.rel           [ scene_19 ]
/tmp/_gbsbuild/obj/scene_2_collisions.rel
                                          [ scene_2_collisions ]
/tmp/_gbsbuild/obj/scene_2_triggers.rel   [ scene_2_triggers ]
/tmp/_gbsbuild/obj/scene_2.rel            [ scene_2 ]
/tmp/_gbsbuild/obj/scene_20_collisions.rel
                                          [ scene_20_collisions ]
/tmp/_gbsbuild/obj/scene_20.rel           [ scene_20 ]
/tmp/_gbsbuild/obj/scene_21_collisions.rel
                                          [ scene_21_collisions ]
/tmp/_gbsbuild/obj/scene_21.rel           [ scene_21 ]
/tmp/_gbsbuild/obj/scene_22_collisions.rel
                                          [ scene_22_collisions ]
/tmp/_gbsbuild/obj/scene_22.rel           [ scene_22 ]
/tmp/_gbsbuild/obj/scene_23_collisions.rel
                                          [ scene_23_collisions ]
/tmp/_gbsbuild/obj/scene_23.rel           [ scene_23 ]
/tmp/_gbsbuild/obj/scene_24_collisions.rel
                                          [ scene_24_collisions ]
/tmp/_gbsbuild/obj/scene_24.rel           [ scene_24 ]
/tmp/_gbsbuild/obj/scene_25_collisions.rel
                                          [ scene_25_collisions ]
/tmp/_gbsbuild/obj/scene_25.rel           [ scene_25 ]
/tmp/_gbsbuild/obj/scene_26_collisions.rel
                                          [ scene_26_collisions ]
/tmp/_gbsbuild/obj/scene_26.rel           [ scene_26 ]
/tmp/_gbsbuild/obj/scene_27_collisions.rel
                                          [ scene_27_collisions ]
/tmp/_gbsbuild/obj/scene_27.rel           [ scene_27 ]
/tmp/_gbsbuild/obj/scene_28_collisions.rel
                                          [ scene_28_collisions ]
/tmp/_gbsbuild/obj/scene_28.rel           [ scene_28 ]
/tmp/_gbsbuild/obj/scene_29_collisions.rel
                                          [ scene_29_collisions ]
/tmp/_gbsbuild/obj/scene_29.rel           [ scene_29 ]
/tmp/_gbsbuild/obj/scene_3_actors.rel     [ scene_3_actors ]
/tmp/_gbsbuild/obj/scene_3_collisions.rel
                                          [ scene_3_collisions ]
/tmp/_gbsbuild/obj/scene_3_sprites.rel    [ scene_3_sprites ]
/tmp/_gbsbuild/obj/scene_3_triggers.rel   [ scene_3_triggers ]
/tmp/_gbsbuild/obj/scene_3.rel            [ scene_3 ]
/tmp/_gbsbuild/obj/scene_30_collisions.rel
                                          [ scene_30_collisions ]
/tmp/_gbsbuild/obj/scene_30.rel           [ scene_30 ]
/tmp/_gbsbuild/obj/scene_31_collisions.rel
                                          [ scene_31_collisions ]
/tmp/_gbsbuild/obj/scene_31.rel           [ scene_31 ]
/tmp/_gbsbuild/obj/scene_32_collisions.rel
                                          [ scene_32_collisions ]
/tmp/_gbsbuild/obj/scene_32.rel           [ scene_32 ]
/tmp/_gbsbuild/obj/scene_33_collisions.rel
                                          [ scene_33_collisions ]
/tmp/_gbsbuild/obj/scene_33.rel           [ scene_33 ]
/tmp/_gbsbuild/obj/scene_34_actors.rel    [ scene_34_actors ]
/tmp/_gbsbuild/obj/scene_34_collisions.rel
                                          [ scene_34_collisions ]
/tmp/_gbsbuild/obj/scene_34_projectiles.rel
                                          [ scene_34_projectiles ]
/tmp/_gbsbuild/obj/scene_34_sprites.rel   [ scene_34_sprites ]
/tmp/_gbsbuild/obj/scene_34.rel           [ scene_34 ]
/tmp/_gbsbuild/obj/scene_35_collisions.rel
                                          [ scene_35_collisions ]
/tmp/_gbsbuild/obj/scene_35.rel           [ scene_35 ]
/tmp/_gbsbuild/obj/scene_36_actors.rel    [ scene_36_actors ]
/tmp/_gbsbuild/obj/scene_36_collisions.rel
                                          [ scene_36_collisions ]
/tmp/_gbsbuild/obj/scene_36_sprites.rel   [ scene_36_sprites ]
/tmp/_gbsbuild/obj/scene_36.rel           [ scene_36 ]
/tmp/_gbsbuild/obj/scene_37_actors.rel    [ scene_37_actors ]
/tmp/_gbsbuild/obj/scene_37_collisions.rel
                                          [ scene_37_collisions ]
/tmp/_gbsbuild/obj/scene_37_projectiles.rel
                                          [ scene_37_projectiles ]
/tmp/_gbsbuild/obj/scene_37_sprites.rel   [ scene_37_sprites ]
/tmp/_gbsbuild/obj/scene_37.rel           [ scene_37 ]
/tmp/_gbsbuild/obj/scene_38_collisions.rel
                                          [ scene_38_collisions ]
/tmp/_gbsbuild/obj/scene_38.rel           [ scene_38 ]
/tmp/_gbsbuild/obj/scene_4_collisions.rel
                                          [ scene_4_collisions ]
/tmp/_gbsbuild/obj/scene_4_triggers.rel   [ scene_4_triggers ]
/tmp/_gbsbuild/obj/scene_4.rel            [ scene_4 ]
/tmp/_gbsbuild/obj/scene_5_collisions.rel
                                          [ scene_5_collisions ]
/tmp/_gbsbuild/obj/scene_5_triggers.rel   [ scene_5_triggers ]
/tmp/_gbsbuild/obj/scene_5.rel            [ scene_5 ]
/tmp/_gbsbuild/obj/scene_6_collisions.rel
                                          [ scene_6_collisions ]
/tmp/_gbsbuild/obj/scene_6_triggers.rel   [ scene_6_triggers ]
/tmp/_gbsbuild/obj/scene_6.rel            [ scene_6 ]
/tmp/_gbsbuild/obj/scene_7_collisions.rel
                                          [ scene_7_collisions ]
/tmp/_gbsbuild/obj/scene_7_triggers.rel   [ scene_7_triggers ]
/tmp/_gbsbuild/obj/scene_7.rel            [ scene_7 ]
/tmp/_gbsbuild/obj/scene_8_collisions.rel
                                          [ scene_8_collisions ]
/tmp/_gbsbuild/obj/scene_8_triggers.rel   [ scene_8_triggers ]
/tmp/_gbsbuild/obj/scene_8.rel            [ scene_8 ]
/tmp/_gbsbuild/obj/scene_9_collisions.rel
                                          [ scene_9_collisions ]
/tmp/_gbsbuild/obj/scene_9_triggers.rel   [ scene_9_triggers ]
/tmp/_gbsbuild/obj/scene_9.rel            [ scene_9 ]
/tmp/_gbsbuild/obj/script_add_menu_to_overworld.rel
                                          [ script_add_menu_to_overworld ]
/tmp/_gbsbuild/obj/script_engine_init.rel
                                          [  ]
/tmp/_gbsbuild/obj/script_enter_battle.rel
                                          [ script_enter_battle ]
/tmp/_gbsbuild/obj/script_input_0.rel     [ script_input_0 ]
/tmp/_gbsbuild/obj/script_input_1.rel     [ script_input_1 ]
/tmp/_gbsbuild/obj/script_input_2.rel     [ script_input_2 ]
/tmp/_gbsbuild/obj/script_input_3.rel     [ script_input_3 ]
/tmp/_gbsbuild/obj/script_refresh_battle_ui.rel
                                          [ script_refresh_battle_ui ]
/tmp/_gbsbuild/obj/script_s0_init.rel     [ script_s0_init ]
/tmp/_gbsbuild/obj/script_s1_init.rel     [ script_s1_init ]
/tmp/_gbsbuild/obj/script_s10t0_interact.rel
                                          [ script_s10t0_interact ]
/tmp/_gbsbuild/obj/script_s11t0_interact.rel
                                          [ script_s11t0_interact ]
/tmp/_gbsbuild/obj/script_s11t1_interact.rel
                                          [ script_s11t1_interact ]
/tmp/_gbsbuild/obj/script_s2_init.rel     [ script_s2_init ]
/tmp/_gbsbuild/obj/script_s27_init.rel    [ script_s27_init ]
/tmp/_gbsbuild/obj/script_s28_init.rel    [ script_s28_init ]
/tmp/_gbsbuild/obj/script_s29_init.rel    [ script_s29_init ]
/tmp/_gbsbuild/obj/script_s2t0_interact.rel
                                          [ script_s2t0_interact ]
/tmp/_gbsbuild/obj/script_s2t1_interact.rel
                                          [ script_s2t1_interact ]
/tmp/_gbsbuild/obj/script_s30_init.rel    [ script_s30_init ]
/tmp/_gbsbuild/obj/script_s31_init.rel    [ script_s31_init ]
/tmp/_gbsbuild/obj/script_s32_init.rel    [ script_s32_init ]
/tmp/_gbsbuild/obj/script_s33_init.rel    [ script_s33_init ]
/tmp/_gbsbuild/obj/script_s34_init.rel    [ script_s34_init ]
/tmp/_gbsbuild/obj/script_s34_p_hit1.rel  [ script_s34_p_hit1 ]
/tmp/_gbsbuild/obj/script_s34a0_update.rel
                                          [ script_s34a0_update ]
/tmp/_gbsbuild/obj/script_s35_init.rel    [ script_s35_init ]
/tmp/_gbsbuild/obj/script_s36_init.rel    [ script_s36_init ]
/tmp/_gbsbuild/obj/script_s37_init.rel    [ script_s37_init ]
/tmp/_gbsbuild/obj/script_s37_p_hit1.rel  [ script_s37_p_hit1 ]
/tmp/_gbsbuild/obj/script_s37a0_update.rel
                                          [ script_s37a0_update ]
/tmp/_gbsbuild/obj/script_s38_init.rel    [ script_s38_init ]
/tmp/_gbsbuild/obj/script_s3a0_interact.rel
                                          [ script_s3a0_interact ]
/tmp/_gbsbuild/obj/script_s3t0_interact.rel
                                          [ script_s3t0_interact ]
/tmp/_gbsbuild/obj/script_s3t1_interact.rel
                                          [ script_s3t1_interact ]
/tmp/_gbsbuild/obj/script_s4t0_interact.rel
                                          [ script_s4t0_interact ]
/tmp/_gbsbuild/obj/script_s4t1_interact.rel
                                          [ script_s4t1_interact ]
/tmp/_gbsbuild/obj/script_s5t0_interact.rel
                                          [ script_s5t0_interact ]
/tmp/_gbsbuild/obj/script_s5t1_interact.rel
                                          [ script_s5t1_interact ]
/tmp/_gbsbuild/obj/script_s6t0_interact.rel
                                          [ script_s6t0_interact ]
/tmp/_gbsbuild/obj/script_s6t1_interact.rel
                                          [ script_s6t1_interact ]
/tmp/_gbsbuild/obj/script_s7t0_interact.rel
                                          [ script_s7t0_interact ]
/tmp/_gbsbuild/obj/script_s7t1_interact.rel
                                          [ script_s7t1_interact ]
/tmp/_gbsbuild/obj/script_s8t0_interact.rel
                                          [ script_s8t0_interact ]
/tmp/_gbsbuild/obj/script_s8t1_interact.rel
                                          [ script_s8t1_interact ]
/tmp/_gbsbuild/obj/script_s9t0_interact.rel
                                          [ script_s9t0_interact ]
/tmp/_gbsbuild/obj/script_s9t1_interact.rel
                                          [ script_s9t1_interact ]
/tmp/_gbsbuild/obj/script_speech_bubble_test.rel
                                          [ script_speech_bubble_test ]
/tmp/_gbsbuild/obj/spritesheet_0.rel      [ spritesheet_0 ]
/tmp/_gbsbuild/obj/spritesheet_1.rel      [ spritesheet_1 ]
/tmp/_gbsbuild/obj/spritesheet_2.rel      [ spritesheet_2 ]
/tmp/_gbsbuild/obj/spritesheet_3.rel      [ spritesheet_3 ]
/tmp/_gbsbuild/obj/spritesheet_4.rel      [ spritesheet_4 ]
/tmp/_gbsbuild/obj/spritesheet_5.rel      [ spritesheet_5 ]
/tmp/_gbsbuild/obj/spritesheet_none.rel   [ spritesheet_none ]
/tmp/_gbsbuild/obj/tilemap_0.rel          [ tilemap_0 ]
/tmp/_gbsbuild/obj/tilemap_1.rel          [ tilemap_1 ]
/tmp/_gbsbuild/obj/tilemap_10.rel         [ tilemap_10 ]
/tmp/_gbsbuild/obj/tilemap_11.rel         [ tilemap_11 ]
/tmp/_gbsbuild/obj/tilemap_12.rel         [ tilemap_12 ]
/tmp/_gbsbuild/obj/tilemap_13.rel         [ tilemap_13 ]
/tmp/_gbsbuild/obj/tilemap_14.rel         [ tilemap_14 ]
/tmp/_gbsbuild/obj/tilemap_15.rel         [ tilemap_15 ]
/tmp/_gbsbuild/obj/tilemap_16.rel         [ tilemap_16 ]
/tmp/_gbsbuild/obj/tilemap_17.rel         [ tilemap_17 ]
/tmp/_gbsbuild/obj/tilemap_18.rel         [ tilemap_18 ]
/tmp/_gbsbuild/obj/tilemap_19.rel         [ tilemap_19 ]
/tmp/_gbsbuild/obj/tilemap_2.rel          [ tilemap_2 ]
/tmp/_gbsbuild/obj/tilemap_20.rel         [ tilemap_20 ]
/tmp/_gbsbuild/obj/tilemap_21.rel         [ tilemap_21 ]
/tmp/_gbsbuild/obj/tilemap_22.rel         [ tilemap_22 ]
/tmp/_gbsbuild/obj/tilemap_23.rel         [ tilemap_23 ]
/tmp/_gbsbuild/obj/tilemap_24.rel         [ tilemap_24 ]
/tmp/_gbsbuild/obj/tilemap_25.rel         [ tilemap_25 ]
/tmp/_gbsbuild/obj/tilemap_26.rel         [ tilemap_26 ]
/tmp/_gbsbuild/obj/tilemap_27.rel         [ tilemap_27 ]
/tmp/_gbsbuild/obj/tilemap_28.rel         [ tilemap_28 ]
/tmp/_gbsbuild/obj/tilemap_29.rel         [ tilemap_29 ]
/tmp/_gbsbuild/obj/tilemap_3.rel          [ tilemap_3 ]
/tmp/_gbsbuild/obj/tilemap_30.rel         [ tilemap_30 ]
/tmp/_gbsbuild/obj/tilemap_31.rel         [ tilemap_31 ]
/tmp/_gbsbuild/obj/tilemap_32.rel         [ tilemap_32 ]
/tmp/_gbsbuild/obj/tilemap_33.rel         [ tilemap_33 ]
/tmp/_gbsbuild/obj/tilemap_34.rel         [ tilemap_34 ]
/tmp/_gbsbuild/obj/tilemap_35.rel         [ tilemap_35 ]
/tmp/_gbsbuild/obj/tilemap_36.rel         [ tilemap_36 ]
/tmp/_gbsbuild/obj/tilemap_37.rel         [ tilemap_37 ]
/tmp/_gbsbuild/obj/tilemap_38.rel         [ tilemap_38 ]
/tmp/_gbsbuild/obj/tilemap_4.rel          [ tilemap_4 ]
/tmp/_gbsbuild/obj/tilemap_5.rel          [ tilemap_5 ]
/tmp/_gbsbuild/obj/tilemap_6.rel          [ tilemap_6 ]
/tmp/_gbsbuild/obj/tilemap_7.rel          [ tilemap_7 ]
/tmp/_gbsbuild/obj/tilemap_8.rel          [ tilemap_8 ]
/tmp/_gbsbuild/obj/tilemap_9.rel          [ tilemap_9 ]
/tmp/_gbsbuild/obj/tileset_0.rel          [ tileset_0 ]
/tmp/_gbsbuild/obj/tileset_1.rel          [ tileset_1 ]
/tmp/_gbsbuild/obj/tileset_10.rel         [ tileset_10 ]
/tmp/_gbsbuild/obj/tileset_11.rel         [ tileset_11 ]
/tmp/_gbsbuild/obj/tileset_12.rel         [ tileset_12 ]
/tmp/_gbsbuild/obj/tileset_13.rel         [ tileset_13 ]
/tmp/_gbsbuild/obj/tileset_14.rel         [ tileset_14 ]
/tmp/_gbsbuild/obj/tileset_15.rel         [ tileset_15 ]
/tmp/_gbsbuild/obj/tileset_16.rel         [ tileset_16 ]
/tmp/_gbsbuild/obj/tileset_2.rel          [ tileset_2 ]
/tmp/_gbsbuild/obj/tileset_3.rel          [ tileset_3 ]
/tmp/_gbsbuild/obj/tileset_4.rel          [ tileset_4 ]
/tmp/_gbsbuild/obj/tileset_5.rel          [ tileset_5 ]
/tmp/_gbsbuild/obj/tileset_6.rel          [ tileset_6 ]
/tmp/_gbsbuild/obj/tileset_7.rel          [ tileset_7 ]
/tmp/_gbsbuild/obj/tileset_8.rel          [ tileset_8 ]
/tmp/_gbsbuild/obj/tileset_9.rel          [ tileset_9 ]
/tmp/_gbsbuild/obj/main.rel               [ main ]
/tmp/_gbsbuild/obj/adventure.rel          [ adventure ]
/tmp/_gbsbuild/obj/logo.rel               [ logo ]
/tmp/_gbsbuild/obj/platform.rel           [ platform ]
/tmp/_gbsbuild/obj/pointnclick.rel        [ pointnclick ]
/tmp/_gbsbuild/obj/shmup.rel              [ shmup ]
/tmp/_gbsbuild/obj/states_ptrs.rel        [  ]
/tmp/_gbsbuild/obj/topdown.rel            [ topdown ]


Libraries Linked                          [ object file ]

/tmp/_gbstools/gbdk/lib/small/asxxxx/gb/gb.lib
                                          [ fill_rect_wi.o ]
/tmp/_gbstools/gbdk/lib/small/asxxxx/gb/gb.lib
                                          [ sfr.o ]
lib/hUGEDriver.lib                        [ hUGEDriver.obj.o ]
/tmp/_gbstools/gbdk/lib/small/asxxxx/gbz80/gbz80.lib
                                          [ rand.o ]
/tmp/_gbstools/gbdk/lib/small/asxxxx/gbz80/gbz80.lib
                                          [ mul.o ]
/tmp/_gbstools/gbdk/lib/small/asxxxx/gbz80/gbz80.lib
                                          [ abs.o ]
/tmp/_gbstools/gbdk/lib/small/asxxxx/gb/gb.lib
                                          [ set_wi_t.o ]
/tmp/_gbstools/gbdk/lib/small/asxxxx/gb/gb.lib
                                          [ set_data.o ]
/tmp/_gbstools/gbdk/lib/small/asxxxx/gbz80/gbz80.lib
                                          [ reverse.o ]
/tmp/_gbstools/gbdk/lib/small/asxxxx/gb/gb.lib
                                          [ far_ptr.o ]
/tmp/_gbstools/gbdk/lib/small/asxxxx/gb/gb.lib
                                          [ sgb.o ]
/tmp/_gbstools/gbdk/lib/small/asxxxx/gb/gb.lib
                                          [ lcd.o ]
/tmp/_gbstools/gbdk/lib/small/asxxxx/gb/gb.lib
                                          [ fill_rect.o ]
/tmp/_gbstools/gbdk/lib/small/asxxxx/gb/gb.lib
                                          [ cpy_data.o ]
/tmp/_gbstools/gbdk/lib/small/asxxxx/gb/gb.lib
                                          [ fill_rect_bk.o ]
/tmp/_gbstools/gbdk/lib/small/asxxxx/gb/gb.lib
                                          [ pad.o ]
/tmp/_gbstools/gbdk/lib/small/asxxxx/gb/gb.lib
                                          [ metasprites.o ]
/tmp/_gbstools/gbdk/lib/small/asxxxx/gbz80/gbz80.lib
                                          [ __sdcc_call_hl.o ]
/tmp/_gbstools/gbdk/lib/small/asxxxx/gbz80/gbz80.lib
                                          [ _memcpy.o ]
/tmp/_gbstools/gbdk/lib/small/asxxxx/gbz80/gbz80.lib
                                          [ _memset.o ]
/tmp/_gbstools/gbdk/lib/small/asxxxx/gb/gb.lib
                                          [ ___sdcc_bcall_ehl.o ]
/tmp/_gbstools/gbdk/lib/small/asxxxx/gbz80/gbz80.lib
                                          [ div.o ]
/tmp/_gbstools/gbdk/lib/small/asxxxx/gb/gb.lib
                                          [ set_bk_t.o ]
/tmp/_gbstools/gbdk/lib/small/asxxxx/gb/gb.lib
                                          [ set_xy_t.o ]

ASxxxx Linker V03.00 + NoICE + sdld,  page 74.

User Base Address Definitions

_DATA=0xC0A0
_CODE=0x0200
ASxxxx Linker V03.00 + NoICE + sdld,  page 75.

User Global Definitions

.STACK=0xDF00
_shadow_OAM=0xC000
.refresh_OAM=0xFF80
__start_save=12

