ASxxxx Linker V03.00/V05.40 + sdld,  page 1.
Hexadecimal  [32-Bits]

Area                                    Addr        Size        Decimal Bytes (Attributes)
--------------------------------        ----        ----        ------- ----- ------------
.  .ABS.                            00000000    00000000 =           0. bytes (ABS,CON)

      Value  Global                              Global Defined In Module
      -----  --------------------------------   ------------------------
     00000000  .__.ABS.                           
     00000000  _rRAMG                             
     00000000  l__BASE                         
     00000000  l__BSS                          
     00000000  l__CABS                         
     00000000  l__CODE_0                       
     00000000  l__CRASH_HEADER                 
     00000000  l__CRASH_SCRATCH                
     00000000  l__DABS                         
     00000000  l__HEADER                       
     00000000  l__HEADER_LCD                   
     00000000  l__HEADER_SIO                   
     00000000  l__HEADER_TIMER                 
     00000000  l__HEAP                         
     00000000  l__HEAP_END                     
     00000000  l__HRAM                         
     00000000  l__LIT                          
     00000000  s__CABS                         
     00000000  s__CRASH_HEADER                 
     00000000  s__CRASH_HEADER0                
     00000000  s__CRASH_HEADER1                
     00000000  s__CRASH_SCRATCH                
     00000000  s__CRASH_SCRATCH2               
     00000000  s__DABS                         
     00000000  s__HEADER                       
     00000000  s__HEADER0                      
     00000000  s__HEADER1                      
     00000000  s__HEADER10                     
     00000000  s__HEADER11                     
     00000000  s__HEADER2                      
     00000000  s__HEADER3                      
     00000000  s__HEADER4                      
     00000000  s__HEADER5                      
     00000000  s__HEADER6                      
     00000000  s__HEADER7                      
     00000000  s__HEADER8                      
     00000000  s__HEADER9                      
     00000000  s__HEADER_LCD                   
     00000000  s__HEADER_LCD0                  
     00000000  s__HEADER_SIO                   
     00000000  s__HEADER_SIO0                  
     00000000  s__HEADER_TIMER                 
     00000000  s__HEADER_TIMER0                
     00000000  s__HEADERa                      
     00000000  s__HEADERb                      
     00000000  s__HEADERc                      
     00000000  s__HEADERd                      
     00000000  s__HEADERe                      
     00000000  s__HEADERf                      
     00000000  s__HRAM                         
ASxxxx Linker V03.00/V05.40 + sdld,  page 2.
Hexadecimal  [32-Bits]

Area                                    Addr        Size        Decimal Bytes (Attributes)
--------------------------------        ----        ----        ------- ----- ------------
.  .ABS.                            00000000    00000000 =           0. bytes (ABS,CON)

      Value  Global                              Global Defined In Module
      -----  --------------------------------   ------------------------
     00000000  s__HRAM12                       
     00000001  ___bank_VM_SGB                     vm_sgb
     00000001  ___bank_scene_room_02_sprites      scene_room_02_sprites
     00000001  ___bank_song_ruins_Data            song_ruins_Data
     00000001  ___bank_song_start_menu_Data       song_start_menu_Data
     00000001  ___bank_trigger_38_interact        trigger_38_interact
     00000001  b_ui_draw_frame                    ui
     00000001  b_ui_draw_text_buffer_char         ui
     00000001  b_ui_init                          ui
     00000001  b_ui_load_tiles                    ui
     00000001  b_ui_run_menu                      ui
     00000001  b_ui_run_modal                     ui
     00000001  b_ui_set_start_tile                ui
     00000001  l__GSFINAL                      
     00000001  l__HEADER0                      
     00000001  l__HEADER5                      
     00000001  l__HEADERa                      
     00000001  l__HEADERb                      
     00000001  l__HEADERc                      
     00000001  l__HEADERe                      
     00000001  l__HEADERf                      
     00000002  ___bank_VM_MAIN                    vm
     00000002  ___bank_bg_room08_tilemap          bg_room08_tilemap
     00000002  ___bank_bg_room08_tilemap_attr     bg_room08_tilemap_attr
     00000002  ___bank_scene_room_03_sprites      scene_room_03_sprites
     00000002  ___bank_script_9                   script_9
     00000002  ___mute_mask_sound_voices_sav_00   sound_voices_sav
     00000002  ___mute_mask_sound_voices_sav_01   sound_voices_sav
     00000002  ___mute_mask_sound_voices_sav_03   sound_voices_sav
     00000002  ___mute_mask_sound_voices_sav_07   sound_voices_sav
     00000002  b_script_detach_hthread            vm
     00000002  b_script_execute                   vm
     00000002  b_script_runner_init               vm
     00000002  b_script_terminate                 vm
     00000002  b_vm_call                          vm
     00000002  b_vm_call_far                      vm
     00000002  b_vm_get_indirect                  vm
     00000002  b_vm_get_int16                     vm
     00000002  b_vm_get_int8                      vm
     00000002  b_vm_get_tlocal                    vm
     00000002  b_vm_get_uint8                     vm
     00000002  b_vm_idle                          vm
     00000002  b_vm_if                            vm
     00000002  b_vm_if_const                      vm
     00000002  b_vm_init_rng                      vm
     00000002  b_vm_invoke                        vm
     00000002  b_vm_join                          vm
     00000002  b_vm_jump                          vm
     00000002  b_vm_lock                          vm
     00000002  b_vm_loop                          vm
     00000002  b_vm_memcpy                        vm
ASxxxx Linker V03.00/V05.40 + sdld,  page 3.
Hexadecimal  [32-Bits]

Area                                    Addr        Size        Decimal Bytes (Attributes)
--------------------------------        ----        ----        ------- ----- ------------
.  .ABS.                            00000000    00000000 =           0. bytes (ABS,CON)

      Value  Global                              Global Defined In Module
      -----  --------------------------------   ------------------------
     00000002  b_vm_memset                        vm
     00000002  b_vm_poll_loaded                   vm
     00000002  b_vm_pop                           vm
     00000002  b_vm_push                          vm
     00000002  b_vm_push_reference                vm
     00000002  b_vm_push_value                    vm
     00000002  b_vm_push_value_ind                vm
     00000002  b_vm_raise                         vm
     00000002  b_vm_rand                          vm
     00000002  b_vm_reserve                       vm
     00000002  b_vm_ret                           vm
     00000002  b_vm_ret_far                       vm
     00000002  b_vm_set                           vm
     00000002  b_vm_set_const                     vm
     00000002  b_vm_set_const_int16               vm
     00000002  b_vm_set_const_int8                vm
     00000002  b_vm_set_indirect                  vm
     00000002  b_vm_set_int16                     vm
     00000002  b_vm_set_int8                      vm
     00000002  b_vm_set_uint8                     vm
     00000002  b_vm_terminate                     vm
     00000002  b_vm_test_terminate                vm
     00000002  b_vm_unlock                        vm
     00000002  b_wait_frames                      vm
     00000002  l__HEADER10                     
     00000002  l__HEADER6                      
     00000002  l__HEADERd                      
     00000003  ___bank_bg_room19_tilemap_attr     bg_room19_tilemap_attr
     00000003  ___bank_scene_gameover_init        scene_gameover_init
     00000003  ___bank_scene_room_08_collisions   scene_room_08_collisions
     00000003  b_platform_init                    platform
     00000003  b_platform_update                  platform
     00000003  l__HEADER9                      
     00000003  l__HEADER_LCD0                  
     00000003  l__HRAM12                       
     00000004  ___bank_ACTOR                      actor
     00000004  ___bank_VM_ACTOR                   vm_actor
     00000004  ___bank_VM_RTC                     vm_rtc
     00000004  ___bank_scene_room_09_triggers     scene_room_09_triggers
     00000004  ___bank_song_once_upon_a_time_Da   song_once_upon_a_time_Data
     00000004  b_activate_actor                   actor
     00000004  b_activate_actors_in_col           actor
     00000004  b_activate_actors_in_row           actor
     00000004  b_actor_at_tile                    actor
     00000004  b_actor_get_frame_offset           actor
     00000004  b_actor_in_front_of_player         actor
     00000004  b_actor_overlapping_bb             actor
     00000004  b_actor_overlapping_player         actor
     00000004  b_actor_set_anim_idle              actor
     00000004  b_actor_set_anim_moving            actor
     00000004  b_actor_set_dir                    actor
ASxxxx Linker V03.00/V05.40 + sdld,  page 4.
Hexadecimal  [32-Bits]

Area                                    Addr        Size        Decimal Bytes (Attributes)
--------------------------------        ----        ----        ------- ----- ------------
.  .ABS.                            00000000    00000000 =           0. bytes (ABS,CON)

      Value  Global                              Global Defined In Module
      -----  --------------------------------   ------------------------
     00000004  b_actor_set_frame_offset           actor
     00000004  b_actor_set_frames                 actor
     00000004  b_actors_handle_player_collision   actor
     00000004  b_actors_init                      actor
     00000004  b_check_collision_in_direction     actor
     00000004  b_deactivate_actor                 actor
     00000004  b_player_init                      actor
     00000004  b_vm_actor_activate                vm_actor
     00000004  b_vm_actor_begin_update            vm_actor
     00000004  b_vm_actor_deactivate              vm_actor
     00000004  b_vm_actor_emote                   vm_actor
     00000004  b_vm_actor_get_angle               vm_actor
     00000004  b_vm_actor_get_anim_frame          vm_actor
     00000004  b_vm_actor_get_dir                 vm_actor
     00000004  b_vm_actor_get_pos                 vm_actor
     00000004  b_vm_actor_move_cancel             vm_actor
     00000004  b_vm_actor_move_to                 vm_actor
     00000004  b_vm_actor_replace_tile            vm_actor
     00000004  b_vm_actor_set_anim                vm_actor
     00000004  b_vm_actor_set_anim_frame          vm_actor
     00000004  b_vm_actor_set_anim_set            vm_actor
     00000004  b_vm_actor_set_anim_tick           vm_actor
     00000004  b_vm_actor_set_bounds              vm_actor
     00000004  b_vm_actor_set_dir                 vm_actor
     00000004  b_vm_actor_set_flags               vm_actor
     00000004  b_vm_actor_set_move_speed          vm_actor
     00000004  b_vm_actor_set_pos                 vm_actor
     00000004  b_vm_actor_set_spritesheet         vm_actor
     00000004  b_vm_actor_set_spritesheet_by_re   vm_actor
     00000004  b_vm_actor_terminate_update        vm_actor
     00000004  b_vm_rtc_get                       vm_rtc
     00000004  b_vm_rtc_latch                     vm_rtc
     00000004  b_vm_rtc_set                       vm_rtc
     00000004  b_vm_rtc_start                     vm_rtc
     00000004  l__CRASH_HEADER1                
     00000004  l__HEADER_SIO0                  
     00000004  l__HEADER_TIMER0                
     00000005  ___bank_bg_room19_tilemap          bg_room19_tilemap
     00000005  ___bank_scene_room_19_collisions   scene_room_19_collisions
     00000005  ___bank_script_input_1             script_input_1
     00000005  b_inv_add_item                     InventoryEnginePlugin
     00000005  b_inv_drop_item                    InventoryEnginePlugin
     00000005  b_inv_get_item_count               InventoryEnginePlugin
     00000005  b_inv_load_item_name               InventoryEnginePlugin
     00000005  b_inv_load_pause_menu              InventoryEnginePlugin
     00000005  b_inv_obtain_item                  InventoryEnginePlugin
     00000005  b_inv_read_item                    InventoryEnginePlugin
     00000005  b_inv_remove_item                  InventoryEnginePlugin
     00000005  b_inv_use_item                     InventoryEnginePlugin
     00000005  b_inv_write_item_desc              InventoryEnginePlugin
     00000005  b_topdown_init                     topdown
ASxxxx Linker V03.00/V05.40 + sdld,  page 5.
Hexadecimal  [32-Bits]

Area                                    Addr        Size        Decimal Bytes (Attributes)
--------------------------------        ----        ----        ------- ----- ------------
.  .ABS.                            00000000    00000000 =           0. bytes (ABS,CON)

      Value  Global                              Global Defined In Module
      -----  --------------------------------   ------------------------
     00000005  b_topdown_update                   topdown
     00000005  l__CRASH_HEADER0                
     00000005  l__HEADER1                      
     00000006  ___bank_bg_room13_tilemap          bg_room13_tilemap
     00000006  ___bank_bg_room13_tilemap_attr     bg_room13_tilemap_attr
     00000006  ___bank_scene_room_13_collisions   scene_room_13_collisions
     00000006  ___bank_script_input_0             script_input_0
     00000006  ___bank_script_input_2             script_input_2
     00000006  ___bank_script_input_7             script_input_7
     00000006  ___bank_sprite_debug_flowey_face   sprite_debug_flowey_face
     00000006  l__HEADER8                      
     00000007  ___bank_bg_intro05_tileset         bg_intro05_tileset
     00000007  ___bank_bg_room03_tilemap_attr     bg_room03_tilemap_attr
     00000007  ___bank_font_determination_color   font_determination_color
     00000007  ___bank_font_determination_color   font_determination_color_va
     00000007  ___bank_font_inverted_varwid       font_inverted_varwid
     00000007  ___bank_font_miniinvert            font_miniinvert
     00000007  l__HEADER2                      
     00000008  ___bank_bg_room07_tilemap          bg_room07_tilemap
     00000008  ___bank_bg_room07_tilemap_attr     bg_room07_tilemap_attr
     00000008  ___bank_bg_room13_tileset          bg_room13_tileset
     00000008  ___bank_font_determination         font_determination
     00000008  ___bank_scene_room_07_collisions   scene_room_07_collisions
     00000008  ___bank_script_7                   script_7
     00000008  ___bank_song_your_best_friend_Da   song_your_best_friend_Data
     00000008  ___mute_mask_sound_voices_sav_08   sound_voices_sav
     00000008  ___mute_mask_sound_voices_sav_10   sound_voices_sav
     00000008  ___mute_mask_sound_voices_sav_11   sound_voices_sav
     00000008  l__HEADER3                      
     00000009  ___bank_bg_intro04_tileset         bg_intro04_tileset
     00000009  ___bank_bg_intro07_tileset         bg_intro07_tileset
     00000009  ___bank_bg_room25_tilemap          bg_room25_tilemap
     00000009  ___bank_bg_room25_tilemap_attr     bg_room25_tilemap_attr
     00000009  ___bank_scene_0_sprites            scene_0_sprites
     00000009  ___bank_scene_room_25_collisions   scene_room_25_collisions
     00000009  b_do_load_palette                  data_manager
     00000009  b_load_background                  data_manager
     00000009  b_load_bkg_tileset                 data_manager
     00000009  b_load_bounds                      data_manager
     00000009  b_load_emote                       data_manager
     00000009  b_load_init                        data_manager
     00000009  b_load_player                      data_manager
     00000009  b_load_scene                       data_manager
     00000009  b_load_sprite                      data_manager
     00000009  b_shmup_init                       shmup
     00000009  b_shmup_update                     shmup
     0000000A  ___bank_VM_UI                      vm_ui
     0000000A  ___bank_bg_room11_tilemap          bg_room11_tilemap
     0000000A  ___bank_bg_room11_tilemap_attr     bg_room11_tilemap_attr
     0000000A  ___bank_bg_room18_tilemap          bg_room18_tilemap
     0000000A  ___bank_bg_room18_tilemap_attr     bg_room18_tilemap_attr
ASxxxx Linker V03.00/V05.40 + sdld,  page 6.
Hexadecimal  [32-Bits]

Area                                    Addr        Size        Decimal Bytes (Attributes)
--------------------------------        ----        ----        ------- ----- ------------
.  .ABS.                            00000000    00000000 =           0. bytes (ABS,CON)

      Value  Global                              Global Defined In Module
      -----  --------------------------------   ------------------------
     0000000A  ___bank_scene_room_06_sprites      scene_room_06_sprites
     0000000A  ___bank_scene_room_11_collisions   scene_room_11_collisions
     0000000A  ___bank_scene_room_18_collisions   scene_room_18_collisions
     0000000A  ___mute_mask_sound_voices_sav_02   sound_voices_sav
     0000000A  ___mute_mask_sound_voices_sav_04   sound_voices_sav
     0000000A  ___mute_mask_sound_voices_sav_05   sound_voices_sav
     0000000A  ___mute_mask_sound_voices_sav_06   sound_voices_sav
     0000000A  ___mute_mask_sound_voices_sav_09   sound_voices_sav
     0000000A  b_gbprinter_detect                 gbprinter
     0000000A  b_gbprinter_print_overlay          gbprinter
     0000000A  b_scroll_init                      scroll
     0000000A  b_scroll_repaint                   scroll
     0000000A  b_scroll_reset                     scroll
     0000000A  b_scroll_update                    scroll
     0000000A  b_vm_choice                        vm_ui
     0000000A  b_vm_display_text                  vm_ui
     0000000A  b_vm_overlay_clear                 vm_ui
     0000000A  b_vm_overlay_move_to               vm_ui
     0000000A  b_vm_overlay_scroll                vm_ui
     0000000A  b_vm_overlay_set_map               vm_ui
     0000000A  b_vm_overlay_set_scroll            vm_ui
     0000000A  b_vm_overlay_set_submap            vm_ui
     0000000A  b_vm_overlay_set_submap_ex         vm_ui
     0000000A  b_vm_overlay_setpos                vm_ui
     0000000A  b_vm_overlay_show                  vm_ui
     0000000A  b_vm_overlay_wait                  vm_ui
     0000000A  b_vm_set_font                      vm_ui
     0000000A  b_vm_set_text_sound                vm_ui
     0000000A  b_vm_switch_text_layer             vm_ui
     0000000B  ___bank_bg_room01_tileset          bg_room01_tileset
     0000000B  ___bank_bg_room05_tilemap          bg_room05_tilemap
     0000000B  ___bank_bg_room05_tilemap_attr     bg_room05_tilemap_attr
     0000000B  ___bank_bg_room17_tileset          bg_room17_tileset
     0000000B  ___bank_bg_room21_tilemap          bg_room21_tilemap
     0000000B  ___bank_bg_room21_tilemap_attr     bg_room21_tilemap_attr
     0000000B  ___bank_bg_room22_tilemap          bg_room22_tilemap
     0000000B  ___bank_bg_room23_tilemap          bg_room23_tilemap
     0000000B  ___bank_bg_room24_tilemap          bg_room24_tilemap
     0000000B  ___bank_scene_room_04_sprites      scene_room_04_sprites
     0000000B  ___bank_scene_room_05_collisions   scene_room_05_collisions
     0000000C  ___bank_VM_GAMEBOY                 vm_gameboy
     0000000C  ___bank_bg_battle1_test_tileset    bg_battle1_test_tileset
     0000000C  ___bank_bg_intro02_tileset         bg_intro02_tileset
     0000000C  ___bank_bg_room07_tileset          bg_room07_tileset
     0000000C  ___bank_bg_room19_tileset          bg_room19_tileset
     0000000C  ___bank_scene_battle_test_1_spri   scene_battle_test_1_sprites
     0000000C  ___bank_scene_room_21_collisions   scene_room_21_collisions
     0000000C  ___bank_scene_room_22_collisions   scene_room_22_collisions
     0000000C  ___bank_scene_room_23_collisions   scene_room_23_collisions
     0000000C  ___bank_scene_room_24_collisions   scene_room_24_collisions
     0000000C  b_adventure_init                   adventure
ASxxxx Linker V03.00/V05.40 + sdld,  page 7.
Hexadecimal  [32-Bits]

Area                                    Addr        Size        Decimal Bytes (Attributes)
--------------------------------        ----        ----        ------- ----- ------------
.  .ABS.                            00000000    00000000 =           0. bytes (ABS,CON)

      Value  Global                              Global Defined In Module
      -----  --------------------------------   ------------------------
     0000000C  b_adventure_update                 adventure
     0000000C  b_vm_context_prepare               vm_gameboy
     0000000C  b_vm_fade                          vm_gameboy
     0000000C  b_vm_get_tile_xy                   vm_gameboy
     0000000C  b_vm_input_attach                  vm_gameboy
     0000000C  b_vm_input_detach                  vm_gameboy
     0000000C  b_vm_input_get                     vm_gameboy
     0000000C  b_vm_input_wait                    vm_gameboy
     0000000C  b_vm_load_tiles                    vm_gameboy
     0000000C  b_vm_load_tileset                  vm_gameboy
     0000000C  b_vm_poll                          vm_gameboy
     0000000C  b_vm_replace_tile                  vm_gameboy
     0000000C  b_vm_replace_tile_xy               vm_gameboy
     0000000C  b_vm_rumble                        vm_gameboy
     0000000C  b_vm_set_sprite_mode               vm_gameboy
     0000000C  b_vm_set_sprites_visible           vm_gameboy
     0000000C  b_vm_timer_prepare                 vm_gameboy
     0000000C  b_vm_timer_reset                   vm_gameboy
     0000000C  b_vm_timer_set                     vm_gameboy
     0000000C  b_vm_timer_stop                    vm_gameboy
     0000000D  ___bank_actor_36_update            actor_36_update
     0000000D  ___bank_actor_43_update            actor_43_update
     0000000D  ___bank_actor_5_update             actor_5_update
     0000000D  ___bank_bg_room01_tilemap          bg_room01_tilemap
     0000000D  ___bank_bg_room01_tilemap_attr     bg_room01_tilemap_attr
     0000000D  ___bank_bg_room03_tilemap          bg_room03_tilemap
     0000000D  ___bank_bg_room10_tilemap          bg_room10_tilemap
     0000000D  ___bank_bg_room10_tilemap_attr     bg_room10_tilemap_attr
     0000000D  ___bank_scene_room_01_collisions   scene_room_01_collisions
     0000000D  ___bank_scene_room_03_collisions   scene_room_03_collisions
     0000000D  ___bank_scene_room_07_sprites      scene_room_07_sprites
     0000000D  ___bank_scene_room_10_collisions   scene_room_10_collisions
     0000000D  ___bank_sprite_star                sprite_star
     0000000E  ___bank_VM_CAMERA                  vm_camera
     0000000E  ___bank_bg_intro01_tileset         bg_intro01_tileset
     0000000E  ___bank_bg_room02_tileset          bg_room02_tileset
     0000000E  ___bank_bg_room03_tileset          bg_room03_tileset
     0000000E  ___bank_bg_room12_tilemap          bg_room12_tilemap
     0000000E  ___bank_bg_room12_tilemap_attr     bg_room12_tilemap_attr
     0000000E  ___bank_bg_room14_tilemap          bg_room14_tilemap
     0000000E  ___bank_bg_room14_tilemap_attr     bg_room14_tilemap_attr
     0000000E  ___bank_bg_room25_tileset          bg_room25_tileset
     0000000E  ___bank_cursor_image               cursor_image
     0000000E  ___bank_scene_room_12_collisions   scene_room_12_collisions
     0000000E  ___bank_scene_room_14_collisions   scene_room_14_collisions
     0000000E  ___bank_sound_voices_sav_00        sound_voices_sav
     0000000E  ___bank_sound_voices_sav_01        sound_voices_sav
     0000000E  ___bank_sound_voices_sav_02        sound_voices_sav
     0000000E  ___bank_sound_voices_sav_03        sound_voices_sav
     0000000E  ___bank_sound_voices_sav_04        sound_voices_sav
     0000000E  ___bank_sound_voices_sav_05        sound_voices_sav
ASxxxx Linker V03.00/V05.40 + sdld,  page 8.
Hexadecimal  [32-Bits]

Area                                    Addr        Size        Decimal Bytes (Attributes)
--------------------------------        ----        ----        ------- ----- ------------
.  .ABS.                            00000000    00000000 =           0. bytes (ABS,CON)

      Value  Global                              Global Defined In Module
      -----  --------------------------------   ------------------------
     0000000E  ___bank_sound_voices_sav_06        sound_voices_sav
     0000000E  ___bank_sound_voices_sav_07        sound_voices_sav
     0000000E  ___bank_sound_voices_sav_08        sound_voices_sav
     0000000E  ___bank_sound_voices_sav_09        sound_voices_sav
     0000000E  ___bank_sound_voices_sav_10        sound_voices_sav
     0000000E  ___bank_sound_voices_sav_11        sound_voices_sav
     0000000E  ___bank_sprite_frisk_new_tileset   sprite_frisk_new_tileset
     0000000E  b_camera_shake_frames              vm_camera
     0000000E  b_projectile_launch                projectiles
     0000000E  b_projectiles_init                 projectiles
     0000000E  b_vm_camera_move_to                vm_camera
     0000000E  b_vm_camera_set_pos                vm_camera
     0000000F  ___bank_bg_battle2_test_tileset    bg_battle2_test_tileset
     0000000F  ___bank_bg_intro06_tileset         bg_intro06_tileset
     0000000F  ___bank_bg_room02_tilemap          bg_room02_tilemap
     0000000F  ___bank_bg_room02_tilemap_attr     bg_room02_tilemap_attr
     0000000F  ___bank_bg_room04_tileset          bg_room04_tileset
     0000000F  ___bank_bg_room05_tileset          bg_room05_tileset
     0000000F  ___bank_bg_room08_tileset          bg_room08_tileset
     0000000F  ___bank_bg_room10_tileset          bg_room10_tileset
     0000000F  ___bank_bg_room21_tileset          bg_room21_tileset
     0000000F  ___bank_bg_room23_tileset          bg_room23_tileset
     0000000F  ___bank_bg_room24_tileset          bg_room24_tileset
     0000000F  ___bank_scene_room_02_collisions   scene_room_02_collisions
     0000000F  ___bank_scene_room_09_sprites      scene_room_09_sprites
     0000000F  b___HandleCrash_banked             
     0000000F  b_core_reset                       core
     0000000F  b_core_run                         core
     0000000F  b_data_clear                       load_save
     0000000F  b_data_init                        load_save
     0000000F  b_data_load                        load_save
     0000000F  b_data_peek                        load_save
     0000000F  b_data_save                        load_save
     0000000F  b_pointnclick_init                 pointnclick
     0000000F  b_pointnclick_update               pointnclick
     0000000F  b_trigger_activate_at              trigger
     0000000F  b_trigger_activate_at_intersecti   trigger
     0000000F  b_trigger_at_intersection          trigger
     0000000F  b_trigger_at_tile                  trigger
     0000000F  b_trigger_interact                 trigger
     0000000F  b_trigger_reset                    trigger
     00000010  ___bank_bg_room04_tilemap          bg_room04_tilemap
     00000010  ___bank_bg_room04_tilemap_attr     bg_room04_tilemap_attr
     00000010  ___bank_bg_room06_tilemap          bg_room06_tilemap
     00000010  ___bank_bg_room06_tilemap_attr     bg_room06_tilemap_attr
     00000010  ___bank_bg_room09_tilemap          bg_room09_tilemap
     00000010  ___bank_bg_room09_tilemap_attr     bg_room09_tilemap_attr
     00000010  ___bank_bg_room12_tileset          bg_room12_tileset
     00000010  ___bank_bg_room15_tilemap          bg_room15_tilemap
     00000010  ___bank_bg_room15_tilemap_attr     bg_room15_tilemap_attr
     00000010  ___bank_bg_room16_tilemap          bg_room16_tilemap
ASxxxx Linker V03.00/V05.40 + sdld,  page 9.
Hexadecimal  [32-Bits]

Area                                    Addr        Size        Decimal Bytes (Attributes)
--------------------------------        ----        ----        ------- ----- ------------
.  .ABS.                            00000000    00000000 =           0. bytes (ABS,CON)

      Value  Global                              Global Defined In Module
      -----  --------------------------------   ------------------------
     00000010  ___bank_bg_room16_tilemap_attr     bg_room16_tilemap_attr
     00000010  ___bank_bg_room17_tilemap          bg_room17_tilemap
     00000010  ___bank_bg_room20_tilemap          bg_room20_tilemap
     00000010  ___bank_bg_room20_tilemap_attr     bg_room20_tilemap_attr
     00000010  ___bank_bg_room22_tileset          bg_room22_tileset
     00000010  ___bank_scene_intro_03_init        scene_intro_03_init
     00000010  ___bank_scene_room_04_collisions   scene_room_04_collisions
     00000010  ___bank_scene_room_06_collisions   scene_room_06_collisions
     00000010  ___bank_scene_room_09_collisions   scene_room_09_collisions
     00000010  ___bank_scene_room_15_collisions   scene_room_15_collisions
     00000010  ___bank_scene_room_16_collisions   scene_room_16_collisions
     00000010  b_atan2                            math_atan2
     00000011  ___bank_VM_SIO                     vm_sio
     00000011  ___bank_actor_11_interact          actor_11_interact
     00000011  ___bank_actor_1_interact           actor_1_interact
     00000011  ___bank_bg_battle1_test_tilemap    bg_battle1_test_tilemap
     00000011  ___bank_bg_battle1_test_tilemap_   bg_battle1_test_tilemap_attr
     00000011  ___bank_bg_debug_flowey_battle_t   bg_debug_flowey_battle_tiles
     00000011  ___bank_bg_loadmenu_tileset        bg_loadmenu_tileset
     00000011  ___bank_bg_logo_tileset            bg_logo_tileset
     00000011  ___bank_bg_room06_tileset          bg_room06_tileset
     00000011  ___bank_bg_room09_tileset          bg_room09_tileset
     00000011  ___bank_bg_room11_tileset          bg_room11_tileset
     00000011  ___bank_bg_room14_tileset          bg_room14_tileset
     00000011  ___bank_bg_room15_tileset          bg_room15_tileset
     00000011  ___bank_bg_room16_tileset          bg_room16_tileset
     00000011  ___bank_bg_room20_tileset          bg_room20_tileset
     00000011  ___bank_scene_0_p_hit1             scene_0_p_hit1
     00000011  ___bank_scene_room_04_init         scene_room_04_init
     00000011  ___bank_scene_room_05_actors       scene_room_05_actors
     00000011  ___bank_scene_room_07_init         scene_room_07_init
     00000011  ___bank_scene_room_14_actors       scene_room_14_actors
     00000011  ___bank_scene_room_17_collisions   scene_room_17_collisions
     00000011  ___bank_scene_room_20_collisions   scene_room_20_collisions
     00000011  ___bank_sprite_frisk_new_compres   sprite_frisk_new_compressed_
     00000011  ___bank_sprite_toriel_tileset      sprite_toriel_tileset
     00000011  ___bank_trigger_37_interact        trigger_37_interact
     00000011  b_copy_screen_area_to_overlay      PauseMenuPlugin
     00000011  b_fade_applypalettechange          fade_manager
     00000011  b_fade_in                          fade_manager
     00000011  b_fade_in_modal                    fade_manager
     00000011  b_fade_init                        fade_manager
     00000011  b_fade_out                         fade_manager
     00000011  b_fade_out_modal                   fade_manager
     00000011  b_fade_setspeed                    fade_manager
     00000011  b_fade_update                      fade_manager
     00000011  b_pauseMenuMainShow                PauseMenuPlugin
     00000011  b_set_sgb_border                   sgb_border
     00000011  b_ugb_show_pause_menu              PauseMenuPlugin
     00000011  b_utgb_cat_var_to_string           PauseMenuPlugin
     00000011  b_vm_sio_exchange                  vm_sio
ASxxxx Linker V03.00/V05.40 + sdld,  page 10.
Hexadecimal  [32-Bits]

Area                                    Addr        Size        Decimal Bytes (Attributes)
--------------------------------        ----        ----        ------- ----- ------------
.  .ABS.                            00000000    00000000 =           0. bytes (ABS,CON)

      Value  Global                              Global Defined In Module
      -----  --------------------------------   ------------------------
     00000011  b_vm_sio_set_mode                  vm_sio
     00000012  ___bank_VM_MUSIC                   vm_music
     00000012  ___bank_VM_PALETTE                 vm_palette
     00000012  ___bank_actor_20_update            actor_20_update
     00000012  ___bank_actor_30_update            actor_30_update
     00000012  ___bank_actor_31_update            actor_31_update
     00000012  ___bank_bg_battle2_test_tilemap    bg_battle2_test_tilemap
     00000012  ___bank_bg_battle2_test_tilemap_   bg_battle2_test_tilemap_attr
     00000012  ___bank_bg_debug_flowey_battle_t   bg_debug_flowey_battle_tilem
     00000012  ___bank_bg_gameover_tilemap        bg_gameover_tilemap
     00000012  ___bank_bg_intro01_tilemap         bg_intro01_tilemap
     00000012  ___bank_bg_intro01_tilemap_attr    bg_intro01_tilemap_attr
     00000012  ___bank_bg_intro02_tilemap         bg_intro02_tilemap
     00000012  ___bank_bg_intro03_tilemap         bg_intro03_tilemap
     00000012  ___bank_bg_intro05_tilemap         bg_intro05_tilemap
     00000012  ___bank_bg_intro06_tilemap         bg_intro06_tilemap
     00000012  ___bank_bg_intro07_tilemap         bg_intro07_tilemap
     00000012  ___bank_bg_introtemplate_tilemap   bg_introtemplate_tilemap
     00000012  ___bank_bg_loadmenu_tilemap        bg_loadmenu_tilemap
     00000012  ___bank_bg_logo_tilemap            bg_logo_tilemap
     00000012  ___bank_bg_misc_tilemap            bg_misc_tilemap
     00000012  ___bank_bg_misc_tilemap_attr       bg_misc_tilemap_attr
     00000012  ___bank_bg_room18_tileset          bg_room18_tileset
     00000012  ___bank_bg_water_tilemap           bg_water_tilemap
     00000012  ___bank_scene_0_collisions         scene_0_collisions
     00000012  ___bank_scene_40_collisions        scene_40_collisions
     00000012  ___bank_scene_41_collisions        scene_41_collisions
     00000012  ___bank_scene_battle_test_1_coll   scene_battle_test_1_collisio
     00000012  ___bank_scene_battle_test_2_coll   scene_battle_test_2_collisio
     00000012  ___bank_scene_debug_collisions     scene_debug_collisions
     00000012  ___bank_scene_gameover_collision   scene_gameover_collisions
     00000012  ___bank_scene_intro_01_collision   scene_intro_01_collisions
     00000012  ___bank_scene_intro_02_collision   scene_intro_02_collisions
     00000012  ___bank_scene_intro_03_collision   scene_intro_03_collisions
     00000012  ___bank_scene_intro_04_collision   scene_intro_04_collisions
     00000012  ___bank_scene_intro_05_collision   scene_intro_05_collisions
     00000012  ___bank_scene_intro_06_collision   scene_intro_06_collisions
     00000012  ___bank_scene_intro_07_collision   scene_intro_07_collisions
     00000012  ___bank_scene_logo_collisions      scene_logo_collisions
     00000012  ___bank_scene_menu_1_collisions    scene_menu_1_collisions
     00000012  ___bank_scene_room_12_actors       scene_room_12_actors
     00000012  ___bank_script_10                  script_10
     00000012  ___bank_sprite_battleui_tileset    sprite_battleui_tileset
     00000012  ___bank_sprite_floweybullet        sprite_floweybullet
     00000012  ___bank_sprite_frisk_new           sprite_frisk_new
     00000012  ___bank_sprite_frisk_new_compres   sprite_frisk_new_compressed
     00000012  b_vm_load_palette                  vm_palette
     00000012  b_vm_music_mute                    vm_music
     00000012  b_vm_music_play                    vm_music
     00000012  b_vm_music_routine                 vm_music
     00000012  b_vm_music_setpos                  vm_music
ASxxxx Linker V03.00/V05.40 + sdld,  page 11.
Hexadecimal  [32-Bits]

Area                                    Addr        Size        Decimal Bytes (Attributes)
--------------------------------        ----        ----        ------- ----- ------------
.  .ABS.                            00000000    00000000 =           0. bytes (ABS,CON)

      Value  Global                              Global Defined In Module
      -----  --------------------------------   ------------------------
     00000012  b_vm_music_stop                    vm_music
     00000012  b_vm_sfx_play                      vm_music
     00000012  b_vm_sound_mastervol               vm_music
     00000013  ___bank_VM_GBPRINTER               vm_gbprinter
     00000013  ___bank_VM_LOAD_SAVE               vm_load_save
     00000013  ___bank_VM_MATH                    vm_math
     00000013  ___bank_VM_PROJECTILE              vm_projectiles
     00000013  ___bank_VM_SCENE                   vm_scene
     00000013  ___bank_actor_10_interact          actor_10_interact
     00000013  ___bank_actor_16_interact          actor_16_interact
     00000013  ___bank_actor_17_interact          actor_17_interact
     00000013  ___bank_actor_19_interact          actor_19_interact
     00000013  ___bank_actor_22_update            actor_22_update
     00000013  ___bank_actor_25_interact          actor_25_interact
     00000013  ___bank_actor_26_interact          actor_26_interact
     00000013  ___bank_actor_27_interact          actor_27_interact
     00000013  ___bank_actor_28_interact          actor_28_interact
     00000013  ___bank_actor_2_update             actor_2_update
     00000013  ___bank_actor_32_interact          actor_32_interact
     00000013  ___bank_actor_33_update            actor_33_update
     00000013  ___bank_actor_34_update            actor_34_update
     00000013  ___bank_actor_35_update            actor_35_update
     00000013  ___bank_actor_9_interact           actor_9_interact
     00000013  ___bank_actor_pattern_handler_up   actor_pattern_handler_update
     00000013  ___bank_avatar_font_0              avatar_font_0
     00000013  ___bank_bg_gameover_tileset        bg_gameover_tileset
     00000013  ___bank_bg_misc_tileset            bg_misc_tileset
     00000013  ___bank_bg_water_tileset           bg_water_tileset
     00000013  ___bank_frame_image                frame_image
     00000013  ___bank_palette_0                  palette_0
     00000013  ___bank_palette_1                  palette_1
     00000013  ___bank_palette_10                 palette_10
     00000013  ___bank_palette_11                 palette_11
     00000013  ___bank_palette_12                 palette_12
     00000013  ___bank_palette_13                 palette_13
     00000013  ___bank_palette_14                 palette_14
     00000013  ___bank_palette_15                 palette_15
     00000013  ___bank_palette_16                 palette_16
     00000013  ___bank_palette_17                 palette_17
     00000013  ___bank_palette_18                 palette_18
     00000013  ___bank_palette_19                 palette_19
     00000013  ___bank_scene_0_actors             scene_0_actors
     00000013  ___bank_scene_battle_test_1_acto   scene_battle_test_1_actors
     00000013  ___bank_scene_battle_test_1_init   scene_battle_test_1_init
     00000013  ___bank_scene_battle_test_2_acto   scene_battle_test_2_actors
     00000013  ___bank_scene_battle_test_2_init   scene_battle_test_2_init
     00000013  ___bank_scene_battle_test_2_p_hi   scene_battle_test_2_p_hit1
     00000013  ___bank_scene_debug_init           scene_debug_init
     00000013  ___bank_scene_intro_01_init        scene_intro_01_init
     00000013  ___bank_scene_intro_02_init        scene_intro_02_init
     00000013  ___bank_scene_intro_04_init        scene_intro_04_init
ASxxxx Linker V03.00/V05.40 + sdld,  page 12.
Hexadecimal  [32-Bits]

Area                                    Addr        Size        Decimal Bytes (Attributes)
--------------------------------        ----        ----        ------- ----- ------------
.  .ABS.                            00000000    00000000 =           0. bytes (ABS,CON)

      Value  Global                              Global Defined In Module
      -----  --------------------------------   ------------------------
     00000013  ___bank_scene_intro_05_init        scene_intro_05_init
     00000013  ___bank_scene_intro_06_init        scene_intro_06_init
     00000013  ___bank_scene_intro_07_init        scene_intro_07_init
     00000013  ___bank_scene_logo_init            scene_logo_init
     00000013  ___bank_scene_menu_1_init          scene_menu_1_init
     00000013  ___bank_scene_room_04_actors       scene_room_04_actors
     00000013  ___bank_scene_room_05_init         scene_room_05_init
     00000013  ___bank_scene_room_07_actors       scene_room_07_actors
     00000013  ___bank_scene_room_07_triggers     scene_room_07_triggers
     00000013  ___bank_scene_room_09_actors       scene_room_09_actors
     00000013  ___bank_scene_room_10_actors       scene_room_10_actors
     00000013  ___bank_scene_room_12_init         scene_room_12_init
     00000013  ___bank_scene_room_13_actors       scene_room_13_actors
     00000013  ___bank_scene_room_14_init         scene_room_14_init
     00000013  ___bank_script_12                  script_12
     00000013  ___bank_script_13                  script_13
     00000013  ___bank_script_add_menu_to_overw   script_add_menu_to_overworl
     00000013  ___bank_script_engine_init         
     00000013  ___bank_script_input_3             script_input_3
     00000013  ___bank_script_input_6             script_input_6
     00000013  ___bank_sprite_battleenemyparts    sprite_battleenemyparts
     00000013  ___bank_sprite_battleenemyparts_   sprite_battleenemyparts_tile
     00000013  ___bank_sprite_battleui            sprite_battleui
     00000013  ___bank_sprite_bigdoor_v3          sprite_bigdoor_v3
     00000013  ___bank_sprite_bigdoor_v3_tilese   sprite_bigdoor_v3_tileset
     00000013  ___bank_sprite_blooky_tileset      sprite_blooky_tileset
     00000013  ___bank_sprite_candy               sprite_candy
     00000013  ___bank_sprite_candy_tileset       sprite_candy_tileset
     00000013  ___bank_sprite_debug_flowey_face   sprite_debug_flowey_face_til
     00000013  ___bank_sprite_dummy_tileset       sprite_dummy_tileset
     00000013  ___bank_sprite_floweycircle        sprite_floweycircle
     00000013  ___bank_sprite_floweycircle_tile   sprite_floweycircle_tileset
     00000013  ___bank_sprite_froggit_overworld   sprite_froggit_overworld__ti
     00000013  ___bank_sprite_star_tileset        sprite_star_tileset
     00000013  ___bank_sprite_toriel              sprite_toriel
     00000013  ___bank_sprite_wallswitch          sprite_wallswitch
     00000013  ___bank_trigger_61_interact        trigger_61_interact
     00000013  ___bank_trigger_62_interact        trigger_62_interact
     00000013  ___bank_trigger_63_interact        trigger_63_interact
     00000013  ___bank_trigger_64_interact        trigger_64_interact
     00000013  ___bank_trigger_65_interact        trigger_65_interact
     00000013  ___bank_trigger_66_interact        trigger_66_interact
     00000013  ___bank_trigger_67_interact        trigger_67_interact
     00000013  ___bank_trigger_69_interact        trigger_69_interact
     00000013  ___bank_trigger_70_interact        trigger_70_interact
     00000013  ___bank_trigger_71_interact        trigger_71_interact
     00000013  ___bank_trigger_72_interact        trigger_72_interact
     00000013  ___bank_trigger_73_interact        trigger_73_interact
     00000013  ___bank_trigger_74_interact        trigger_74_interact
     00000013  ___bank_trigger_75_interact        trigger_75_interact
     00000013  ___bank_trigger_76_interact        trigger_76_interact
ASxxxx Linker V03.00/V05.40 + sdld,  page 13.
Hexadecimal  [32-Bits]

Area                                    Addr        Size        Decimal Bytes (Attributes)
--------------------------------        ----        ----        ------- ----- ------------
.  .ABS.                            00000000    00000000 =           0. bytes (ABS,CON)

      Value  Global                              Global Defined In Module
      -----  --------------------------------   ------------------------
     00000013  ___bank_trigger_77_interact        trigger_77_interact
     00000013  ___bank_trigger_78_interact        trigger_78_interact
     00000013  ___bank_trigger_80_interact        trigger_80_interact
     00000013  ___bank_trigger_81_interact        trigger_81_interact
     00000013  ___bank_trigger_82_interact        trigger_82_interact
     00000013  ___bank_trigger_83_interact        trigger_83_interact
     00000013  ___bank_trigger_84_interact        trigger_84_interact
     00000013  ___bank_trigger_85_interact        trigger_85_interact
     00000013  ___bank_trigger_86_interact        trigger_86_interact
     00000013  ___bank_trigger_87_interact        trigger_87_interact
     00000013  ___bank_trigger_88_interact        trigger_88_interact
     00000013  b_CGBZeroPalette                   palette
     00000013  b_erase_flash                      
     00000013  b_events_init                      events
     00000013  b_itoa_fmt                         vm_ui_a
     00000013  b_music_events_poll                music_manager
     00000013  b_music_init_driver                music_manager
     00000013  b_music_init_events                music_manager
     00000013  b_palette_init                     palette
     00000013  b_restore_sram                     flasher
     00000013  b_restore_sram_bank                flasher
     00000013  b_save_sram                        flasher
     00000013  b_save_sram_banks                  
     00000013  b_timers_init                      events
     00000013  b_vm_cos_scale                     vm_math
     00000013  b_vm_print_detect                  vm_gbprinter
     00000013  b_vm_print_overlay                 vm_gbprinter
     00000013  b_vm_projectile_launch             vm_projectiles
     00000013  b_vm_projectile_load_type          vm_projectiles
     00000013  b_vm_save_clear                    vm_load_save
     00000013  b_vm_save_peek                     vm_load_save
     00000013  b_vm_scene_pop                     vm_scene
     00000013  b_vm_scene_pop_all                 vm_scene
     00000013  b_vm_scene_push                    vm_scene
     00000013  b_vm_scene_stack_reset             vm_scene
     00000013  b_vm_sin_scale                     vm_math
     00000014  ___bank_actor_15_interact          actor_15_interact
     00000014  ___bank_actor_18_interact          actor_18_interact
     00000014  ___bank_actor_29_interact          actor_29_interact
     00000014  ___bank_actor_4_update             actor_4_update
     00000014  ___bank_bg_battle1_test            bg_battle1_test
     00000014  ___bank_bg_battle2_test            bg_battle2_test
     00000014  ___bank_bg_debug_flowey_battle     bg_debug_flowey_battle
     00000014  ___bank_bg_gameover                bg_gameover
     00000014  ___bank_bg_intro01                 bg_intro01
     00000014  ___bank_bg_intro02                 bg_intro02
     00000014  ___bank_bg_intro03                 bg_intro03
     00000014  ___bank_bg_intro04                 bg_intro04
     00000014  ___bank_bg_intro05                 bg_intro05
     00000014  ___bank_bg_intro06                 bg_intro06
     00000014  ___bank_bg_intro07                 bg_intro07
ASxxxx Linker V03.00/V05.40 + sdld,  page 14.
Hexadecimal  [32-Bits]

Area                                    Addr        Size        Decimal Bytes (Attributes)
--------------------------------        ----        ----        ------- ----- ------------
.  .ABS.                            00000000    00000000 =           0. bytes (ABS,CON)

      Value  Global                              Global Defined In Module
      -----  --------------------------------   ------------------------
     00000014  ___bank_bg_introtemplate           bg_introtemplate
     00000014  ___bank_bg_introtemplate_tileset   bg_introtemplate_tileset
     00000014  ___bank_bg_loadmenu                bg_loadmenu
     00000014  ___bank_bg_logo                    bg_logo
     00000014  ___bank_bg_misc                    bg_misc
     00000014  ___bank_bg_room01                  bg_room01
     00000014  ___bank_bg_room02                  bg_room02
     00000014  ___bank_bg_room03                  bg_room03
     00000014  ___bank_bg_room04                  bg_room04
     00000014  ___bank_bg_room05                  bg_room05
     00000014  ___bank_bg_room06                  bg_room06
     00000014  ___bank_bg_room07                  bg_room07
     00000014  ___bank_bg_room08                  bg_room08
     00000014  ___bank_bg_room09                  bg_room09
     00000014  ___bank_bg_room10                  bg_room10
     00000014  ___bank_bg_room11                  bg_room11
     00000014  ___bank_bg_room12                  bg_room12
     00000014  ___bank_bg_room13                  bg_room13
     00000014  ___bank_bg_room14                  bg_room14
     00000014  ___bank_bg_room15                  bg_room15
     00000014  ___bank_bg_room16                  bg_room16
     00000014  ___bank_bg_room17                  bg_room17
     00000014  ___bank_bg_room18                  bg_room18
     00000014  ___bank_bg_room19                  bg_room19
     00000014  ___bank_bg_room20                  bg_room20
     00000014  ___bank_bg_room21                  bg_room21
     00000014  ___bank_bg_room22                  bg_room22
     00000014  ___bank_bg_room23                  bg_room23
     00000014  ___bank_bg_room24                  bg_room24
     00000014  ___bank_bg_room25                  bg_room25
     00000014  ___bank_bg_water                   bg_water
     00000014  ___bank_bootstrap_script           
     00000014  ___bank_palette_2                  palette_2
     00000014  ___bank_palette_20                 palette_20
     00000014  ___bank_palette_21                 palette_21
     00000014  ___bank_palette_22                 palette_22
     00000014  ___bank_palette_23                 palette_23
     00000014  ___bank_palette_24                 palette_24
     00000014  ___bank_palette_25                 palette_25
     00000014  ___bank_palette_26                 palette_26
     00000014  ___bank_palette_27                 palette_27
     00000014  ___bank_palette_3                  palette_3
     00000014  ___bank_palette_4                  palette_4
     00000014  ___bank_palette_5                  palette_5
     00000014  ___bank_palette_6                  palette_6
     00000014  ___bank_palette_7                  palette_7
     00000014  ___bank_palette_8                  palette_8
     00000014  ___bank_palette_9                  palette_9
     00000014  ___bank_scene_0                    scene_0
     00000014  ___bank_scene_0_init               scene_0_init
     00000014  ___bank_scene_0_projectiles        scene_0_projectiles
ASxxxx Linker V03.00/V05.40 + sdld,  page 15.
Hexadecimal  [32-Bits]

Area                                    Addr        Size        Decimal Bytes (Attributes)
--------------------------------        ----        ----        ------- ----- ------------
.  .ABS.                            00000000    00000000 =           0. bytes (ABS,CON)

      Value  Global                              Global Defined In Module
      -----  --------------------------------   ------------------------
     00000014  ___bank_scene_40                   scene_40
     00000014  ___bank_scene_40_init              scene_40_init
     00000014  ___bank_scene_41                   scene_41
     00000014  ___bank_scene_41_init              scene_41_init
     00000014  ___bank_scene_battle_test_1        scene_battle_test_1
     00000014  ___bank_scene_battle_test_2        scene_battle_test_2
     00000014  ___bank_scene_battle_test_2_proj   scene_battle_test_2_projecti
     00000014  ___bank_scene_battle_test_2_spri   scene_battle_test_2_sprites
     00000014  ___bank_scene_debug                scene_debug
     00000014  ___bank_scene_gameover             scene_gameover
     00000014  ___bank_scene_intro_01             scene_intro_01
     00000014  ___bank_scene_intro_02             scene_intro_02
     00000014  ___bank_scene_intro_03             scene_intro_03
     00000014  ___bank_scene_intro_04             scene_intro_04
     00000014  ___bank_scene_intro_05             scene_intro_05
     00000014  ___bank_scene_intro_06             scene_intro_06
     00000014  ___bank_scene_intro_07             scene_intro_07
     00000014  ___bank_scene_logo                 scene_logo
     00000014  ___bank_scene_menu_1               scene_menu_1
     00000014  ___bank_scene_room_01              scene_room_01
     00000014  ___bank_scene_room_01_init         scene_room_01_init
     00000014  ___bank_scene_room_01_triggers     scene_room_01_triggers
     00000014  ___bank_scene_room_02              scene_room_02
     00000014  ___bank_scene_room_02_actors       scene_room_02_actors
     00000014  ___bank_scene_room_02_init         scene_room_02_init
     00000014  ___bank_scene_room_02_triggers     scene_room_02_triggers
     00000014  ___bank_scene_room_03              scene_room_03
     00000014  ___bank_scene_room_03_actors       scene_room_03_actors
     00000014  ___bank_scene_room_03_init         scene_room_03_init
     00000014  ___bank_scene_room_03_triggers     scene_room_03_triggers
     00000014  ___bank_scene_room_04              scene_room_04
     00000014  ___bank_scene_room_04_triggers     scene_room_04_triggers
     00000014  ___bank_scene_room_05              scene_room_05
     00000014  ___bank_scene_room_05_sprites      scene_room_05_sprites
     00000014  ___bank_scene_room_05_triggers     scene_room_05_triggers
     00000014  ___bank_scene_room_06              scene_room_06
     00000014  ___bank_scene_room_06_actors       scene_room_06_actors
     00000014  ___bank_scene_room_06_init         scene_room_06_init
     00000014  ___bank_scene_room_06_triggers     scene_room_06_triggers
     00000014  ___bank_scene_room_07              scene_room_07
     00000014  ___bank_scene_room_08              scene_room_08
     00000014  ___bank_scene_room_08_init         scene_room_08_init
     00000014  ___bank_scene_room_08_triggers     scene_room_08_triggers
     00000014  ___bank_scene_room_09              scene_room_09
     00000014  ___bank_scene_room_09_init         scene_room_09_init
     00000014  ___bank_scene_room_10              scene_room_10
     00000014  ___bank_scene_room_10_init         scene_room_10_init
     00000014  ___bank_scene_room_10_sprites      scene_room_10_sprites
     00000014  ___bank_scene_room_10_triggers     scene_room_10_triggers
     00000014  ___bank_scene_room_11              scene_room_11
     00000014  ___bank_scene_room_11_init         scene_room_11_init
ASxxxx Linker V03.00/V05.40 + sdld,  page 16.
Hexadecimal  [32-Bits]

Area                                    Addr        Size        Decimal Bytes (Attributes)
--------------------------------        ----        ----        ------- ----- ------------
.  .ABS.                            00000000    00000000 =           0. bytes (ABS,CON)

      Value  Global                              Global Defined In Module
      -----  --------------------------------   ------------------------
     00000014  ___bank_scene_room_11_triggers     scene_room_11_triggers
     00000014  ___bank_scene_room_12              scene_room_12
     00000014  ___bank_scene_room_12_sprites      scene_room_12_sprites
     00000014  ___bank_scene_room_12_triggers     scene_room_12_triggers
     00000014  ___bank_scene_room_13              scene_room_13
     00000014  ___bank_scene_room_13_init         scene_room_13_init
     00000014  ___bank_scene_room_13_sprites      scene_room_13_sprites
     00000014  ___bank_scene_room_13_triggers     scene_room_13_triggers
     00000014  ___bank_scene_room_14              scene_room_14
     00000014  ___bank_scene_room_14_sprites      scene_room_14_sprites
     00000014  ___bank_scene_room_14_triggers     scene_room_14_triggers
     00000014  ___bank_scene_room_15              scene_room_15
     00000014  ___bank_scene_room_15_init         scene_room_15_init
     00000014  ___bank_scene_room_15_triggers     scene_room_15_triggers
     00000014  ___bank_scene_room_16              scene_room_16
     00000014  ___bank_scene_room_16_actors       scene_room_16_actors
     00000014  ___bank_scene_room_16_init         scene_room_16_init
     00000014  ___bank_scene_room_16_sprites      scene_room_16_sprites
     00000014  ___bank_scene_room_16_triggers     scene_room_16_triggers
     00000014  ___bank_scene_room_17              scene_room_17
     00000014  ___bank_scene_room_17_init         scene_room_17_init
     00000014  ___bank_scene_room_17_triggers     scene_room_17_triggers
     00000014  ___bank_scene_room_18              scene_room_18
     00000014  ___bank_scene_room_18_init         scene_room_18_init
     00000014  ___bank_scene_room_18_triggers     scene_room_18_triggers
     00000014  ___bank_scene_room_19              scene_room_19
     00000014  ___bank_scene_room_19_init         scene_room_19_init
     00000014  ___bank_scene_room_19_triggers     scene_room_19_triggers
     00000014  ___bank_scene_room_20              scene_room_20
     00000014  ___bank_scene_room_20_init         scene_room_20_init
     00000014  ___bank_scene_room_21              scene_room_21
     00000014  ___bank_scene_room_21_init         scene_room_21_init
     00000014  ___bank_scene_room_22              scene_room_22
     00000014  ___bank_scene_room_22_init         scene_room_22_init
     00000014  ___bank_scene_room_23              scene_room_23
     00000014  ___bank_scene_room_23_init         scene_room_23_init
     00000014  ___bank_scene_room_24              scene_room_24
     00000014  ___bank_scene_room_24_init         scene_room_24_init
     00000014  ___bank_scene_room_25              scene_room_25
     00000014  ___bank_scene_room_25_init         scene_room_25_init
     00000014  ___bank_script_8                   script_8
     00000014  ___bank_script_enter_battle        script_enter_battle
     00000014  ___bank_script_input_4             script_input_4
     00000014  ___bank_script_input_5             script_input_5
     00000014  ___bank_sprite_battlecursor        sprite_battlecursor
     00000014  ___bank_sprite_battlecursor_tile   sprite_battlecursor_tileset
     00000014  ___bank_sprite_blooky              sprite_blooky
     00000014  ___bank_sprite_dummy               sprite_dummy
     00000014  ___bank_sprite_empty               sprite_empty
     00000014  ___bank_sprite_empty_tileset       sprite_empty_tileset
     00000014  ___bank_sprite_flowey              sprite_flowey
ASxxxx Linker V03.00/V05.40 + sdld,  page 17.
Hexadecimal  [32-Bits]

Area                                    Addr        Size        Decimal Bytes (Attributes)
--------------------------------        ----        ----        ------- ----- ------------
.  .ABS.                            00000000    00000000 =           0. bytes (ABS,CON)

      Value  Global                              Global Defined In Module
      -----  --------------------------------   ------------------------
     00000014  ___bank_sprite_flowey_tileset      sprite_flowey_tileset
     00000014  ___bank_sprite_floweybullet_tile   sprite_floweybullet_tileset
     00000014  ___bank_sprite_froggit_overworld   sprite_froggit_overworld_
     00000014  ___bank_sprite_heart               sprite_heart
     00000014  ___bank_sprite_heart_tileset       sprite_heart_tileset
     00000014  ___bank_sprite_rock                sprite_rock
     00000014  ___bank_sprite_rock_tileset        sprite_rock_tileset
     00000014  ___bank_sprite_sign                sprite_sign
     00000014  ___bank_sprite_sign_tileset        sprite_sign_tileset
     00000014  ___bank_sprite_spikes              sprite_spikes
     00000014  ___bank_sprite_spikes_tileset      sprite_spikes_tileset
     00000014  ___bank_sprite_wallswitch_tilese   sprite_wallswitch_tileset
     00000014  ___bank_spritesheet_none           spritesheet_none
     00000014  ___bank_trigger_0_interact         trigger_0_interact
     00000014  ___bank_trigger_10_interact        trigger_10_interact
     00000014  ___bank_trigger_11_interact        trigger_11_interact
     00000014  ___bank_trigger_12_interact        trigger_12_interact
     00000014  ___bank_trigger_13_interact        trigger_13_interact
     00000014  ___bank_trigger_14_interact        trigger_14_interact
     00000014  ___bank_trigger_15_interact        trigger_15_interact
     00000014  ___bank_trigger_16_interact        trigger_16_interact
     00000014  ___bank_trigger_17_interact        trigger_17_interact
     00000014  ___bank_trigger_18_interact        trigger_18_interact
     00000014  ___bank_trigger_19_interact        trigger_19_interact
     00000014  ___bank_trigger_1_interact         trigger_1_interact
     00000014  ___bank_trigger_20_interact        trigger_20_interact
     00000014  ___bank_trigger_21_interact        trigger_21_interact
     00000014  ___bank_trigger_22_interact        trigger_22_interact
     00000014  ___bank_trigger_23_interact        trigger_23_interact
     00000014  ___bank_trigger_24_interact        trigger_24_interact
     00000014  ___bank_trigger_25_interact        trigger_25_interact
     00000014  ___bank_trigger_26_interact        trigger_26_interact
     00000014  ___bank_trigger_27_interact        trigger_27_interact
     00000014  ___bank_trigger_28_interact        trigger_28_interact
     00000014  ___bank_trigger_29_interact        trigger_29_interact
     00000014  ___bank_trigger_2_interact         trigger_2_interact
     00000014  ___bank_trigger_30_interact        trigger_30_interact
     00000014  ___bank_trigger_31_interact        trigger_31_interact
     00000014  ___bank_trigger_32_interact        trigger_32_interact
     00000014  ___bank_trigger_33_interact        trigger_33_interact
     00000014  ___bank_trigger_34_interact        trigger_34_interact
     00000014  ___bank_trigger_35_interact        trigger_35_interact
     00000014  ___bank_trigger_36_interact        trigger_36_interact
     00000014  ___bank_trigger_39_interact        trigger_39_interact
     00000014  ___bank_trigger_3_interact         trigger_3_interact
     00000014  ___bank_trigger_40_interact        trigger_40_interact
     00000014  ___bank_trigger_41_interact        trigger_41_interact
     00000014  ___bank_trigger_42_interact        trigger_42_interact
     00000014  ___bank_trigger_43_interact        trigger_43_interact
     00000014  ___bank_trigger_4_interact         trigger_4_interact
     00000014  ___bank_trigger_5_interact         trigger_5_interact
ASxxxx Linker V03.00/V05.40 + sdld,  page 18.
Hexadecimal  [32-Bits]

Area                                    Addr        Size        Decimal Bytes (Attributes)
--------------------------------        ----        ----        ------- ----- ------------
.  .ABS.                            00000000    00000000 =           0. bytes (ABS,CON)

      Value  Global                              Global Defined In Module
      -----  --------------------------------   ------------------------
     00000014  ___bank_trigger_68_interact        trigger_68_interact
     00000014  ___bank_trigger_6_interact         trigger_6_interact
     00000014  ___bank_trigger_79_interact        trigger_79_interact
     00000014  ___bank_trigger_7_interact         trigger_7_interact
     00000014  ___bank_trigger_8_interact         trigger_8_interact
     00000014  ___bank_trigger_9_interact         trigger_9_interact
     00000014  b_SIO_init                         sio
     00000014  b_camera_init                      camera
     00000014  b_camera_reset                     camera
     00000014  b_deab_overlay_tile_set            SetOverlayID
     00000014  b_input_init                       input
     00000014  b_logo_init                        logo
     00000014  b_logo_update                      logo
     00000014  b_parallax_init                    parallax
     00000014  b_remove_LCD_ISRs                  interrupts
     00000014  b_scroll_rect                      
     0000001A  l__INITIALIZED                  
     0000001A  l__INITIALIZER                  
     0000001C  __start_save                    
     00000027  l__GSINIT                       
     00000030  l__HEADER7                      
     00000060  l__HEADER4                      
     000000AB  l__HEADER11                     
     000001CB  l__CRASH_SCRATCH2               
     00000200  s__CODE                         
     00000EEA  l__CODE                         
     000010EA  s__HOME                         
     00001992  l__DATA                         
     00002000  _rROMB0                            
     000022B1  l__CODE_20                      
     00002B4C  l__HOME                         
     00003000  _rROMB1                            
     00003C36  s__BASE                         
     00003C36  s__CODE_0                       
     00003C36  s__INITIALIZER                  
     00003C36  s__LIT                          
     00003C50  s__GSINIT                       
     00003C77  s__GSFINAL                      
     00003FFE  l__CODE_16                      
     00003FFE  l__CODE_18                      
     00003FFF  l__CODE_10                      
     00003FFF  l__CODE_17                      
     00003FFF  l__CODE_19                      
     00003FFF  l__CODE_7                       
     00004000  _RTC_SELECT_REG                    vm_rtc
     00004000  _rRAMB                             
     00004000  l__CODE_1                       
     00004000  l__CODE_11                      
     00004000  l__CODE_12                      
     00004000  l__CODE_13                      
     00004000  l__CODE_14                      
ASxxxx Linker V03.00/V05.40 + sdld,  page 19.
Hexadecimal  [32-Bits]

Area                                    Addr        Size        Decimal Bytes (Attributes)
--------------------------------        ----        ----        ------- ----- ------------
.  .ABS.                            00000000    00000000 =           0. bytes (ABS,CON)

      Value  Global                              Global Defined In Module
      -----  --------------------------------   ------------------------
     00004000  l__CODE_15                      
     00004000  l__CODE_2                       
     00004000  l__CODE_3                       
     00004000  l__CODE_4                       
     00004000  l__CODE_5                       
     00004000  l__CODE_6                       
     00004000  l__CODE_8                       
     00004000  l__CODE_9                       
     00006000  _RTC_LATCH_REG                     vm_rtc
     00008000  __VRAM                             
     00008000  __VRAM8000                         
     00008800  __VRAM8800                         
     00009000  __VRAM9000                         
     00009800  __SCRN0                            
     00009C00  __SCRN1                            
     0000A000  _RTC_VALUE_REG                     vm_rtc
     0000A000  __SRAM                             
     0000C000  __RAM                              
     0000C000  _shadow_OAM                     
     0000C0A0  s__DATA                         
     0000D000  __RAMBANK                          
     0000DA32  s__BSS                          
     0000DA32  s__INITIALIZED                  
     0000DA4C  s__HEAP                         
     0000DA4C  s__HEAP_END                     
     0000DF00  .STACK                          
     0000DF00  _shadow_OAM2                       absolute
     0000DFA0  _BkgPalette                        absolute
     0000DFE0  _vwf_tile_data                     absolute
     0000FE00  __OAMRAM                           
     0000FF00  _P1_REG                            
     0000FF00  __IO                               
     0000FF01  _SB_REG                            
     0000FF02  _SC_REG                            
     0000FF04  _DIV_REG                           
     0000FF05  _TIMA_REG                          
     0000FF06  _TMA_REG                           
     0000FF07  _TAC_REG                           
     0000FF0F  _IF_REG                            
     0000FF10  _NR10_REG                          
     0000FF11  _NR11_REG                          
     0000FF12  _NR12_REG                          
     0000FF13  _NR13_REG                          
     0000FF14  _NR14_REG                          
     0000FF16  _NR21_REG                          
     0000FF17  _NR22_REG                          
     0000FF18  _NR23_REG                          
     0000FF19  _NR24_REG                          
     0000FF1A  _NR30_REG                          
     0000FF1B  _NR31_REG                          
     0000FF1C  _NR32_REG                          
ASxxxx Linker V03.00/V05.40 + sdld,  page 20.
Hexadecimal  [32-Bits]

Area                                    Addr        Size        Decimal Bytes (Attributes)
--------------------------------        ----        ----        ------- ----- ------------
.  .ABS.                            00000000    00000000 =           0. bytes (ABS,CON)

      Value  Global                              Global Defined In Module
      -----  --------------------------------   ------------------------
     0000FF1D  _NR33_REG                          
     0000FF1E  _NR34_REG                          
     0000FF20  _NR41_REG                          
     0000FF21  _NR42_REG                          
     0000FF22  _NR43_REG                          
     0000FF23  _NR44_REG                          
     0000FF24  _NR50_REG                          
     0000FF25  _NR51_REG                          
     0000FF26  _NR52_REG                          
     0000FF30  _AUD3WAVE                          
     0000FF30  _PCM_SAMPLE                        
     0000FF30  __AUD3WAVERAM                      
     0000FF40  _LCDC_REG                          
     0000FF41  _STAT_REG                          
     0000FF42  _SCY_REG                           
     0000FF43  _SCX_REG                           
     0000FF44  _LY_REG                            
     0000FF45  _LYC_REG                           
     0000FF46  _DMA_REG                           
     0000FF47  _BGP_REG                           
     0000FF48  _OBP0_REG                          
     0000FF49  _OBP1_REG                          
     0000FF4A  _WY_REG                            
     0000FF4B  _WX_REG                            
     0000FF4D  _KEY1_REG                          
     0000FF4F  _VBK_REG                           
     0000FF51  _HDMA1_REG                         
     0000FF52  _HDMA2_REG                         
     0000FF53  _HDMA3_REG                         
     0000FF54  _HDMA4_REG                         
     0000FF55  _HDMA5_REG                         
     0000FF56  _RP_REG                            
     0000FF68  _BCPS_REG                          
     0000FF69  _BCPD_REG                          
     0000FF6A  _OCPS_REG                          
     0000FF6B  _OCPD_REG                          
     0000FF70  _SVBK_REG                          
     0000FF76  _PCM12_REG                         
     0000FF77  _PCM34_REG                         
     0000FF80  .refresh_OAM                    
     0000FF80  __HRAM                             
     0000FFFF  _IE_REG                            
     00014000  s__CODE_1                       
     00024000  s__CODE_2                       
     00034000  s__CODE_3                       
     00044000  s__CODE_4                       
     00054000  s__CODE_5                       
     00064000  s__CODE_6                       
     00074000  s__CODE_7                       
     00084000  s__CODE_8                       
     00094000  s__CODE_9                       
ASxxxx Linker V03.00/V05.40 + sdld,  page 21.
Hexadecimal  [32-Bits]

Area                                    Addr        Size        Decimal Bytes (Attributes)
--------------------------------        ----        ----        ------- ----- ------------
.  .ABS.                            00000000    00000000 =           0. bytes (ABS,CON)

      Value  Global                              Global Defined In Module
      -----  --------------------------------   ------------------------
     000A4000  s__CODE_10                      
     000B4000  s__CODE_11                      
     000C4000  s__CODE_12                      
     000D4000  s__CODE_13                      
     000E4000  s__CODE_14                      
     000F4000  s__CODE_15                      
     00104000  s__CODE_16                      
     00114000  s__CODE_17                      
     00124000  s__CODE_18                      
     00134000  s__CODE_19                      
     00144000  s__CODE_20                      

ASxxxx Linker V03.00/V05.40 + sdld,  page 22.
Hexadecimal  [32-Bits]

Area                                    Addr        Size        Decimal Bytes (Attributes)
--------------------------------        ----        ----        ------- ----- ------------
_CODE                               00000200    00000EEA =        3818. bytes (REL,CON)

      Value  Global                              Global Defined In Module
      -----  --------------------------------   ------------------------
     00000200  ___HandleCrash                     
     0000020A  _SIO_send_byte                     
     0000021D  _SIO_receive                       
     0000022E  _GetWinAddr                        
     00000236  _GetBkgAddr                        
     00000244  _state_init                        
     00000249  _state_update                      
     0000026B  _ui_time_masks                     
     00000273  _ui_print_shift_char               
     000002F6  _ui_draw_frame_row                 
     000002FF  .ui_draw_frame_row                 
     00000328  _script_cmds                       vm_instructions
     00000560  _save_signature                    game_signature
     00000564  _start_scene_x                     
     00000566  _start_scene_y                     
     00000568  _start_scene_dir                   
     00000569  _start_scene                       
     0000056C  _start_player_move_speed           
     0000056D  _start_player_anim_tick            
     0000056E  _ui_fonts                          
     00000580  _core_reset_hook                   main
     00000588  _main                              main
     00000590  _state_start_fns                   
     000005A2  _state_update_fns                  
     000005B4  _hUGE_init                         hUGEDriver_obj
     000005B6  hUGE_init                          hUGEDriver_obj
     0000060C  _hUGE_mute_channel                 hUGEDriver_obj
     0000060E  hUGE_mute_channel                  hUGEDriver_obj
     0000085C  _hUGE_set_position                 hUGEDriver_obj
     0000085E  hUGE_set_position                  hUGEDriver_obj
     00000A23  _hUGE_dosound                      hUGEDriver_obj
     00000A23  hUGE_dosound                       hUGEDriver_obj
     00000D4F  _get_vram_byte                     
     00000D57  _get_win_tile_xy                   
     00000D5F  _get_bkg_tile_xy                   
     00000D86  _set_sprite_palette                CGB
     00000D8B  _set_bkg_palette                   CGB
     00000D8E  .set_palette                       CGB
     00000DAD  _set_sprite_palette_entry          CGB
     00000DB2  _set_bkg_palette_entry             CGB
     00000DB5  .set_palette_entry                 CGB
     00000DD1  _hide_sprites_range                Metasprites
     00000E00  __mulsuchar                        mul
     00000E03  __muluschar                        mul
     00000E0C  __mulschar                         mul
     00000E14  __mulint                           mul
     00000E33  __muluchar                         mul
     00000E45  _set_vram_byte                     
     00000E4E  _set_win_tile_xy                   
     00000E56  _set_bkg_tile_xy                   
ASxxxx Linker V03.00/V05.40 + sdld,  page 23.
Hexadecimal  [32-Bits]

Area                                    Addr        Size        Decimal Bytes (Attributes)
--------------------------------        ----        ----        ------- ----- ------------
_CODE                               00000200    00000EEA =        3818. bytes (REL,CON)

      Value  Global                              Global Defined In Module
      -----  --------------------------------   ------------------------
     00000E80  .sgb_check                         
     00000E80  _sgb_check                         
     00000EC8  _sgb_transfer                      
     00000ECD  .sgb_transfer                      
     00000F0E  .copy_vram                         
     00000F14  _get_data                          
     00000F14  _set_data                          
     00000F14  _vmemcpy                           
     00000F62  ___move_metasprite                 Metasprites
     00000F9F  ___memcpy                          
     00000F9F  _memcpy                            
     00000FD1  _strcat                            strcat
     00000FE1  _cpu_slow                          CGB
     00000FFC  _cpu_fast                          CGB
     00001003  __divsuchar                        divmod
     00001009  __modsuchar                        divmod
     00001012  __divuschar                        divmod
     0000101B  __moduschar                        divmod
     00001027  __divschar                         divmod
     0000102C  __modschar                         divmod
     00001033  __divsint                          divmod
     0000103C  __modsint                          divmod
     00001048  __divuchar                         divmod
     0000104D  __moduchar                         divmod
     00001054  __divuint                          divmod
     0000105D  __moduint                          divmod
     00001069  .div8                              divmod
     00001069  .mod8                              divmod
     00001071  .div16                             divmod
     00001071  .mod16                             divmod
     000010A7  .divu8                             divmod
     000010A7  .modu8                             divmod
     000010AA  .divu16                            divmod
     000010AA  .modu16                            divmod
ASxxxx Linker V03.00/V05.40 + sdld,  page 24.
Hexadecimal  [32-Bits]

Area                                    Addr        Size        Decimal Bytes (Attributes)
--------------------------------        ----        ----        ------- ----- ------------
_HEADER0                            00000000    00000001 =           1. bytes (ABS,CON)

      Value  Global                              Global Defined In Module
      -----  --------------------------------   ------------------------
[...]
                                          [ sprite_candy_tileset ]
C:/Users/Paul/AppData/Local/Temp/_gbsbuild/obj/sprite_candy.rel
                                          [ sprite_candy ]
C:/Users/Paul/AppData/Local/Temp/_gbsbuild/obj/sprite_debug_flowey_face_tileset.rel
                                          [ sprite_debug_flowey_face_tileset ]
C:/Users/Paul/AppData/Local/Temp/_gbsbuild/obj/sprite_debug_flowey_face.rel
                                          [ sprite_debug_flowey_face ]
C:/Users/Paul/AppData/Local/Temp/_gbsbuild/obj/sprite_dummy_tileset.rel
                                          [ sprite_dummy_tileset ]
C:/Users/Paul/AppData/Local/Temp/_gbsbuild/obj/sprite_dummy.rel
                                          [ sprite_dummy ]
C:/Users/Paul/AppData/Local/Temp/_gbsbuild/obj/sprite_empty_tileset.rel
                                          [ sprite_empty_tileset ]
C:/Users/Paul/AppData/Local/Temp/_gbsbuild/obj/sprite_empty.rel
                                          [ sprite_empty ]
C:/Users/Paul/AppData/Local/Temp/_gbsbuild/obj/sprite_flowey_tileset.rel
                                          [ sprite_flowey_tileset ]
C:/Users/Paul/AppData/Local/Temp/_gbsbuild/obj/sprite_flowey.rel
                                          [ sprite_flowey ]
C:/Users/Paul/AppData/Local/Temp/_gbsbuild/obj/sprite_floweybullet_tileset.rel
                                          [ sprite_floweybullet_tileset ]
C:/Users/Paul/AppData/Local/Temp/_gbsbuild/obj/sprite_floweybullet.rel
                                          [ sprite_floweybullet ]
C:/Users/Paul/AppData/Local/Temp/_gbsbuild/obj/sprite_floweycircle_tileset.rel
                                          [ sprite_floweycircle_tileset ]
C:/Users/Paul/AppData/Local/Temp/_gbsbuild/obj/sprite_floweycircle.rel
                                          [ sprite_floweycircle ]
C:/Users/Paul/AppData/Local/Temp/_gbsbuild/obj/sprite_frisk_new_compressed_tileset.rel
                                          [ sprite_frisk_new_compressed_tile ]
C:/Users/Paul/AppData/Local/Temp/_gbsbuild/obj/sprite_frisk_new_compressed.rel
                                          [ sprite_frisk_new_compressed ]
C:/Users/Paul/AppData/Local/Temp/_gbsbuild/obj/sprite_frisk_new_tileset.rel
                                          [ sprite_frisk_new_tileset ]
C:/Users/Paul/AppData/Local/Temp/_gbsbuild/obj/sprite_frisk_new.rel
                                          [ sprite_frisk_new ]
C:/Users/Paul/AppData/Local/Temp/_gbsbuild/obj/sprite_froggit_overworld__tileset.rel
                                          [ sprite_froggit_overworld__tilese ]
C:/Users/Paul/AppData/Local/Temp/_gbsbuild/obj/sprite_froggit_overworld_.rel
                                          [ sprite_froggit_overworld_ ]
C:/Users/Paul/AppData/Local/Temp/_gbsbuild/obj/sprite_heart_tileset.rel
                                          [ sprite_heart_tileset ]
C:/Users/Paul/AppData/Local/Temp/_gbsbuild/obj/sprite_heart.rel
                                          [ sprite_heart ]
C:/Users/Paul/AppData/Local/Temp/_gbsbuild/obj/sprite_rock_tileset.rel
                                          [ sprite_rock_tileset ]
C:/Users/Paul/AppData/Local/Temp/_gbsbuild/obj/sprite_rock.rel
                                          [ sprite_rock ]
C:/Users/Paul/AppData/Local/Temp/_gbsbuild/obj/sprite_sign_tileset.rel
                                          [ sprite_sign_tileset ]
C:/Users/Paul/AppData/Local/Temp/_gbsbuild/obj/sprite_sign.rel
                                          [ sprite_sign ]
C:/Users/Paul/AppData/Local/Temp/_gbsbuild/obj/sprite_spikes_tileset.rel
                                          [ sprite_spikes_tileset ]
C:/Users/Paul/AppData/Local/Temp/_gbsbuild/obj/sprite_spikes.rel
                                          [ sprite_spikes ]
C:/Users/Paul/AppData/Local/Temp/_gbsbuild/obj/sprite_star_tileset.rel
                                          [ sprite_star_tileset ]
C:/Users/Paul/AppData/Local/Temp/_gbsbuild/obj/sprite_star.rel
                                          [ sprite_star ]
C:/Users/Paul/AppData/Local/Temp/_gbsbuild/obj/sprite_toriel_tileset.rel
                                          [ sprite_toriel_tileset ]
C:/Users/Paul/AppData/Local/Temp/_gbsbuild/obj/sprite_toriel.rel
                                          [ sprite_toriel ]
C:/Users/Paul/AppData/Local/Temp/_gbsbuild/obj/sprite_wallswitch_tileset.rel
                                          [ sprite_wallswitch_tileset ]
C:/Users/Paul/AppData/Local/Temp/_gbsbuild/obj/sprite_wallswitch.rel
                                          [ sprite_wallswitch ]
C:/Users/Paul/AppData/Local/Temp/_gbsbuild/obj/spritesheet_none.rel
                                          [ spritesheet_none ]
C:/Users/Paul/AppData/Local/Temp/_gbsbuild/obj/trigger_0_interact.rel
                                          [ trigger_0_interact ]
C:/Users/Paul/AppData/Local/Temp/_gbsbuild/obj/trigger_1_interact.rel
                                          [ trigger_1_interact ]
C:/Users/Paul/AppData/Local/Temp/_gbsbuild/obj/trigger_10_interact.rel
                                          [ trigger_10_interact ]
C:/Users/Paul/AppData/Local/Temp/_gbsbuild/obj/trigger_11_interact.rel
                                          [ trigger_11_interact ]
C:/Users/Paul/AppData/Local/Temp/_gbsbuild/obj/trigger_12_interact.rel
                                          [ trigger_12_interact ]
C:/Users/Paul/AppData/Local/Temp/_gbsbuild/obj/trigger_13_interact.rel
                                          [ trigger_13_interact ]
C:/Users/Paul/AppData/Local/Temp/_gbsbuild/obj/trigger_14_interact.rel
                                          [ trigger_14_interact ]
C:/Users/Paul/AppData/Local/Temp/_gbsbuild/obj/trigger_15_interact.rel
                                          [ trigger_15_interact ]
C:/Users/Paul/AppData/Local/Temp/_gbsbuild/obj/trigger_16_interact.rel
                                          [ trigger_16_interact ]
C:/Users/Paul/AppData/Local/Temp/_gbsbuild/obj/trigger_17_interact.rel
                                          [ trigger_17_interact ]
C:/Users/Paul/AppData/Local/Temp/_gbsbuild/obj/trigger_18_interact.rel
                                          [ trigger_18_interact ]
C:/Users/Paul/AppData/Local/Temp/_gbsbuild/obj/trigger_19_interact.rel
                                          [ trigger_19_interact ]
C:/Users/Paul/AppData/Local/Temp/_gbsbuild/obj/trigger_2_interact.rel
                                          [ trigger_2_interact ]
C:/Users/Paul/AppData/Local/Temp/_gbsbuild/obj/trigger_20_interact.rel
                                          [ trigger_20_interact ]
C:/Users/Paul/AppData/Local/Temp/_gbsbuild/obj/trigger_21_interact.rel
                                          [ trigger_21_interact ]
C:/Users/Paul/AppData/Local/Temp/_gbsbuild/obj/trigger_22_interact.rel
                                          [ trigger_22_interact ]
C:/Users/Paul/AppData/Local/Temp/_gbsbuild/obj/trigger_23_interact.rel
                                          [ trigger_23_interact ]
C:/Users/Paul/AppData/Local/Temp/_gbsbuild/obj/trigger_24_interact.rel
                                          [ trigger_24_interact ]
C:/Users/Paul/AppData/Local/Temp/_gbsbuild/obj/trigger_25_interact.rel
                                          [ trigger_25_interact ]
C:/Users/Paul/AppData/Local/Temp/_gbsbuild/obj/trigger_26_interact.rel
                                          [ trigger_26_interact ]
C:/Users/Paul/AppData/Local/Temp/_gbsbuild/obj/trigger_27_interact.rel
                                          [ trigger_27_interact ]
C:/Users/Paul/AppData/Local/Temp/_gbsbuild/obj/trigger_28_interact.rel
                                          [ trigger_28_interact ]
C:/Users/Paul/AppData/Local/Temp/_gbsbuild/obj/trigger_29_interact.rel
                                          [ trigger_29_interact ]
C:/Users/Paul/AppData/Local/Temp/_gbsbuild/obj/trigger_3_interact.rel
                                          [ trigger_3_interact ]
C:/Users/Paul/AppData/Local/Temp/_gbsbuild/obj/trigger_30_interact.rel
                                          [ trigger_30_interact ]
C:/Users/Paul/AppData/Local/Temp/_gbsbuild/obj/trigger_31_interact.rel
                                          [ trigger_31_interact ]
C:/Users/Paul/AppData/Local/Temp/_gbsbuild/obj/trigger_32_interact.rel
                                          [ trigger_32_interact ]
C:/Users/Paul/AppData/Local/Temp/_gbsbuild/obj/trigger_33_interact.rel
                                          [ trigger_33_interact ]
C:/Users/Paul/AppData/Local/Temp/_gbsbuild/obj/trigger_34_interact.rel
                                          [ trigger_34_interact ]
C:/Users/Paul/AppData/Local/Temp/_gbsbuild/obj/trigger_35_interact.rel
                                          [ trigger_35_interact ]
C:/Users/Paul/AppData/Local/Temp/_gbsbuild/obj/trigger_36_interact.rel
                                          [ trigger_36_interact ]
C:/Users/Paul/AppData/Local/Temp/_gbsbuild/obj/trigger_37_interact.rel
                                          [ trigger_37_interact ]
C:/Users/Paul/AppData/Local/Temp/_gbsbuild/obj/trigger_38_interact.rel
                                          [ trigger_38_interact ]
C:/Users/Paul/AppData/Local/Temp/_gbsbuild/obj/trigger_39_interact.rel
                                          [ trigger_39_interact ]
C:/Users/Paul/AppData/Local/Temp/_gbsbuild/obj/trigger_4_interact.rel
                                          [ trigger_4_interact ]
C:/Users/Paul/AppData/Local/Temp/_gbsbuild/obj/trigger_40_interact.rel
                                          [ trigger_40_interact ]
C:/Users/Paul/AppData/Local/Temp/_gbsbuild/obj/trigger_41_interact.rel
                                          [ trigger_41_interact ]
C:/Users/Paul/AppData/Local/Temp/_gbsbuild/obj/trigger_42_interact.rel
                                          [ trigger_42_interact ]
C:/Users/Paul/AppData/Local/Temp/_gbsbuild/obj/trigger_43_interact.rel
                                          [ trigger_43_interact ]
C:/Users/Paul/AppData/Local/Temp/_gbsbuild/obj/trigger_5_interact.rel
                                          [ trigger_5_interact ]
C:/Users/Paul/AppData/Local/Temp/_gbsbuild/obj/trigger_6_interact.rel
                                          [ trigger_6_interact ]
C:/Users/Paul/AppData/Local/Temp/_gbsbuild/obj/trigger_61_interact.rel
                                          [ trigger_61_interact ]
C:/Users/Paul/AppData/Local/Temp/_gbsbuild/obj/trigger_62_interact.rel
                                          [ trigger_62_interact ]
C:/Users/Paul/AppData/Local/Temp/_gbsbuild/obj/trigger_63_interact.rel
                                          [ trigger_63_interact ]
C:/Users/Paul/AppData/Local/Temp/_gbsbuild/obj/trigger_64_interact.rel
                                          [ trigger_64_interact ]
C:/Users/Paul/AppData/Local/Temp/_gbsbuild/obj/trigger_65_interact.rel
                                          [ trigger_65_interact ]
C:/Users/Paul/AppData/Local/Temp/_gbsbuild/obj/trigger_66_interact.rel
                                          [ trigger_66_interact ]
C:/Users/Paul/AppData/Local/Temp/_gbsbuild/obj/trigger_67_interact.rel
                                          [ trigger_67_interact ]
C:/Users/Paul/AppData/Local/Temp/_gbsbuild/obj/trigger_68_interact.rel
                                          [ trigger_68_interact ]
C:/Users/Paul/AppData/Local/Temp/_gbsbuild/obj/trigger_69_interact.rel
                                          [ trigger_69_interact ]
C:/Users/Paul/AppData/Local/Temp/_gbsbuild/obj/trigger_7_interact.rel
                                          [ trigger_7_interact ]
C:/Users/Paul/AppData/Local/Temp/_gbsbuild/obj/trigger_70_interact.rel
                                          [ trigger_70_interact ]
C:/Users/Paul/AppData/Local/Temp/_gbsbuild/obj/trigger_71_interact.rel
                                          [ trigger_71_interact ]
C:/Users/Paul/AppData/Local/Temp/_gbsbuild/obj/trigger_72_interact.rel
                                          [ trigger_72_interact ]
C:/Users/Paul/AppData/Local/Temp/_gbsbuild/obj/trigger_73_interact.rel
                                          [ trigger_73_interact ]
C:/Users/Paul/AppData/Local/Temp/_gbsbuild/obj/trigger_74_interact.rel
                                          [ trigger_74_interact ]
C:/Users/Paul/AppData/Local/Temp/_gbsbuild/obj/trigger_75_interact.rel
                                          [ trigger_75_interact ]
C:/Users/Paul/AppData/Local/Temp/_gbsbuild/obj/trigger_76_interact.rel
                                          [ trigger_76_interact ]
C:/Users/Paul/AppData/Local/Temp/_gbsbuild/obj/trigger_77_interact.rel
                                          [ trigger_77_interact ]
C:/Users/Paul/AppData/Local/Temp/_gbsbuild/obj/trigger_78_interact.rel
                                          [ trigger_78_interact ]
C:/Users/Paul/AppData/Local/Temp/_gbsbuild/obj/trigger_79_interact.rel
                                          [ trigger_79_interact ]
C:/Users/Paul/AppData/Local/Temp/_gbsbuild/obj/trigger_8_interact.rel
                                          [ trigger_8_interact ]
C:/Users/Paul/AppData/Local/Temp/_gbsbuild/obj/trigger_80_interact.rel
                                          [ trigger_80_interact ]
C:/Users/Paul/AppData/Local/Temp/_gbsbuild/obj/trigger_81_interact.rel
                                          [ trigger_81_interact ]
C:/Users/Paul/AppData/Local/Temp/_gbsbuild/obj/trigger_82_interact.rel
                                          [ trigger_82_interact ]
C:/Users/Paul/AppData/Local/Temp/_gbsbuild/obj/trigger_83_interact.rel
                                          [ trigger_83_interact ]
C:/Users/Paul/AppData/Local/Temp/_gbsbuild/obj/trigger_84_interact.rel
                                          [ trigger_84_interact ]
C:/Users/Paul/AppData/Local/Temp/_gbsbuild/obj/trigger_85_interact.rel
                                          [ trigger_85_interact ]
C:/Users/Paul/AppData/Local/Temp/_gbsbuild/obj/trigger_86_interact.rel
                                          [ trigger_86_interact ]
C:/Users/Paul/AppData/Local/Temp/_gbsbuild/obj/trigger_87_interact.rel
                                          [ trigger_87_interact ]
C:/Users/Paul/AppData/Local/Temp/_gbsbuild/obj/trigger_88_interact.rel
                                          [ trigger_88_interact ]
C:/Users/Paul/AppData/Local/Temp/_gbsbuild/obj/trigger_9_interact.rel
                                          [ trigger_9_interact ]
C:/Users/Paul/AppData/Local/Temp/_gbsbuild/obj/InventoryEnginePlugin.rel
                                          [ InventoryEnginePlugin ]
C:/Users/Paul/AppData/Local/Temp/_gbsbuild/obj/main.rel
                                          [ main ]
C:/Users/Paul/AppData/Local/Temp/_gbsbuild/obj/PauseMenuPlugin.rel
                                          [ PauseMenuPlugin ]
C:/Users/Paul/AppData/Local/Temp/_gbsbuild/obj/SetOverlayID.rel
                                          [ SetOverlayID ]
C:/Users/Paul/AppData/Local/Temp/_gbsbuild/obj/adventure.rel
                                          [ adventure ]
C:/Users/Paul/AppData/Local/Temp/_gbsbuild/obj/logo.rel
                                          [ logo ]
C:/Users/Paul/AppData/Local/Temp/_gbsbuild/obj/platform.rel
                                          [ platform ]
C:/Users/Paul/AppData/Local/Temp/_gbsbuild/obj/pointnclick.rel
                                          [ pointnclick ]
C:/Users/Paul/AppData/Local/Temp/_gbsbuild/obj/shmup.rel
                                          [ shmup ]
C:/Users/Paul/AppData/Local/Temp/_gbsbuild/obj/states_ptrs.rel
                                          [  ]
C:/Users/Paul/AppData/Local/Temp/_gbsbuild/obj/topdown.rel
                                          [ topdown ]


Libraries Linked                          [ object file ]

C:\Users\Paul\AppData\Local\Temp/_gbstools/gbdk/lib/gb/gb.lib
                                          [ fill_rect_wi.o ]
C:\Users\Paul\AppData\Local\Temp/_gbstools/gbdk/lib/sm83/sm83.lib
                                          [ rand.o ]
lib/hUGEDriver.lib                        [ hUGEDriver.o ]
C:\Users\Paul\AppData\Local\Temp/_gbstools/gbdk/lib/gb/gb.lib
                                          [ sfr.o ]
C:\Users\Paul\AppData\Local\Temp/_gbstools/gbdk/lib/gb/gb.lib
                                          [ get_data.o ]
C:\Users\Paul\AppData\Local\Temp/_gbstools/gbdk/lib/gb/gb.lib
                                          [ get_tile.o ]
C:\Users\Paul\AppData\Local\Temp/_gbstools/gbdk/lib/sm83/sm83.lib
                                          [ itoa.o ]
C:\Users\Paul\AppData\Local\Temp/_gbstools/gbdk/lib/gb/gb.lib
                                          [ cgb_palettes.o ]
C:\Users\Paul\AppData\Local\Temp/_gbstools/gbdk/lib/gb/gb.lib
                                          [ metasprites_hide_spr.o ]
C:\Users\Paul\AppData\Local\Temp/_gbstools/gbdk/lib/sm83/sm83.lib
                                          [ mul.o ]
C:\Users\Paul\AppData\Local\Temp/_gbstools/gbdk/lib/gb/gb.lib
                                          [ set_tile.o ]
C:\Users\Paul\AppData\Local\Temp/_gbstools/gbdk/lib/sm83/sm83.lib
                                          [ abs.o ]
C:\Users\Paul\AppData\Local\Temp/_gbstools/gbdk/lib/gb/gb.lib
                                          [ set_wi_t.o ]
C:\Users\Paul\AppData\Local\Temp/_gbstools/gbdk/lib/gb/gb.lib
                                          [ set_data.o ]
C:\Users\Paul\AppData\Local\Temp/_gbstools/gbdk/lib/sm83/sm83.lib
                                          [ reverse.o ]
C:\Users\Paul\AppData\Local\Temp/_gbstools/gbdk/lib/gb/gb.lib
                                          [ far_ptr.o ]
C:\Users\Paul\AppData\Local\Temp/_gbstools/gbdk/lib/gb/gb.lib
                                          [ sgb.o ]
C:\Users\Paul\AppData\Local\Temp/_gbstools/gbdk/lib/gb/gb.lib
                                          [ lcd.o ]
C:\Users\Paul\AppData\Local\Temp/_gbstools/gbdk/lib/gb/gb.lib
                                          [ fill_rect.o ]
C:\Users\Paul\AppData\Local\Temp/_gbstools/gbdk/lib/gb/gb.lib
                                          [ cpy_data.o ]
C:\Users\Paul\AppData\Local\Temp/_gbstools/gbdk/lib/gb/gb.lib
                                          [ fill_rect_bk.o ]
C:\Users\Paul\AppData\Local\Temp/_gbstools/gbdk/lib/gb/gb.lib
                                          [ pad.o ]
C:\Users\Paul\AppData\Local\Temp/_gbstools/gbdk/lib/gb/gb.lib
                                          [ metasprites.o ]
C:\Users\Paul\AppData\Local\Temp/_gbstools/gbdk/lib/sm83/sm83.lib
                                          [ __sdcc_call_hl.o ]
C:\Users\Paul\AppData\Local\Temp/_gbstools/gbdk/lib/sm83/sm83.lib
                                          [ memcpy.o ]
C:\Users\Paul\AppData\Local\Temp/_gbstools/gbdk/lib/sm83/sm83.lib
                                          [ _memset.o ]
C:\Users\Paul\AppData\Local\Temp/_gbstools/gbdk/lib/gb/gb.lib
                                          [ set_xy_t.o ]
C:\Users\Paul\AppData\Local\Temp/_gbstools/gbdk/lib/gb/gb.lib
                                          [ ___sdcc_bcall_ehl.o ]
C:\Users\Paul\AppData\Local\Temp/_gbstools/gbdk/lib/sm83/sm83.lib
                                          [ strcat.o ]
C:\Users\Paul\AppData\Local\Temp/_gbstools/gbdk/lib/gb/gb.lib
                                          [ cgb.o ]
C:\Users\Paul\AppData\Local\Temp/_gbstools/gbdk/lib/sm83/sm83.lib
                                          [ div.o ]
C:\Users\Paul\AppData\Local\Temp/_gbstools/gbdk/lib/gb/gb.lib
                                          [ set_bk_t.o ]

ASxxxx Linker V03.00/V05.40 + sdld,  page 98.

User Base Address Definitions

_DATA=0xC0A0
_CODE=0x0200
ASxxxx Linker V03.00/V05.40 + sdld,  page 99.

User Global Definitions

.STACK=0xDF00
_shadow_OAM=0xC000
.refresh_OAM=0xFF80
__start_save=28

